2026-06-08 16:08:03,239 INFO o.a.j.u.JMeterUtils: Setting Locale to en_EN
2026-06-08 16:08:03,258 INFO o.a.j.JMeter: Loading user properties from: E:\apache-jmeter-5.6.3\apache-jmeter-5.6.3\bin\user.properties
2026-06-08 16:08:03,261 INFO o.a.j.JMeter: Loading system properties from: E:\apache-jmeter-5.6.3\apache-jmeter-5.6.3\bin\system.properties
2026-06-08 16:08:03,267 INFO o.a.j.JMeter: Copyright (c) 1998-2024 The Apache Software Foundation
2026-06-08 16:08:03,267 INFO o.a.j.JMeter: Version 5.6.3
2026-06-08 16:08:03,267 INFO o.a.j.JMeter: java.version=21.0.8
2026-06-08 16:08:03,267 INFO o.a.j.JMeter: java.vm.name=Java HotSpot(TM) 64-Bit Server VM
2026-06-08 16:08:03,267 INFO o.a.j.JMeter: os.name=Windows 11
2026-06-08 16:08:03,267 INFO o.a.j.JMeter: os.arch=amd64
2026-06-08 16:08:03,267 INFO o.a.j.JMeter: os.version=10.0
2026-06-08 16:08:03,267 INFO o.a.j.JMeter: file.encoding=UTF-8
2026-06-08 16:08:03,267 INFO o.a.j.JMeter: java.awt.headless=true
2026-06-08 16:08:03,267 INFO o.a.j.JMeter: Max memory     =1073741824
2026-06-08 16:08:03,267 INFO o.a.j.JMeter: Available Processors =32
2026-06-08 16:08:03,274 INFO o.a.j.JMeter: Default Locale=English (EN)
2026-06-08 16:08:03,274 INFO o.a.j.JMeter: JMeter  Locale=English (EN)
2026-06-08 16:08:03,274 INFO o.a.j.JMeter: JMeterHome=E:\apache-jmeter-5.6.3\apache-jmeter-5.6.3
2026-06-08 16:08:03,274 INFO o.a.j.JMeter: user.dir  =E:\大三下提交\软件测试\实验（软件测试课程）\实验9：LoadRunner性能测试\exp9\jmeter
2026-06-08 16:08:03,275 INFO o.a.j.JMeter: PWD       =E:\大三下提交\软件测试\实验（软件测试课程）\实验9：LoadRunner性能测试\exp9\jmeter
2026-06-08 16:08:03,276 INFO o.a.j.JMeter: IP: 192.168.56.1 Name: Ulmus FullName: Ulmus
2026-06-08 16:08:03,292 INFO o.a.j.JMeter: Setting property 'jmeter.reportgenerator.outputdir' to:'E:\大三下提交\软件测试\实验（软件测试课程）\实验9：LoadRunner性能测试\exp9\jmeter\results\scenario2-report'
2026-06-08 16:08:03,293 INFO o.a.j.s.FileServer: Default base='E:\大三下提交\软件测试\实验（软件测试课程）\实验9：LoadRunner性能测试\exp9\jmeter'
2026-06-08 16:08:03,296 INFO o.a.j.s.FileServer: Set new base='E:\大三下提交\软件测试\实验（软件测试课程）\实验9：LoadRunner性能测试\exp9\jmeter'
2026-06-08 16:08:03,453 INFO o.a.j.s.SaveService: Testplan (JMX) version: 2.2. Testlog (JTL) version: 2.2
2026-06-08 16:08:03,481 INFO o.a.j.s.SaveService: Using SaveService properties version 5.0
2026-06-08 16:08:03,484 INFO o.a.j.s.SaveService: Using SaveService properties file encoding UTF-8
2026-06-08 16:08:03,487 INFO o.a.j.s.SaveService: Loading file: E:\大三下提交\软件测试\实验（软件测试课程）\实验9：LoadRunner性能测试\exp9\jmeter\scenario2-stress.jmx
2026-06-08 16:08:03,543 INFO o.a.j.p.h.s.HTTPSamplerBase: Parser for text/html is org.apache.jmeter.protocol.http.parser.LagartoBasedHtmlParser
2026-06-08 16:08:03,543 INFO o.a.j.p.h.s.HTTPSamplerBase: Parser for application/xhtml+xml is org.apache.jmeter.protocol.http.parser.LagartoBasedHtmlParser
2026-06-08 16:08:03,543 INFO o.a.j.p.h.s.HTTPSamplerBase: Parser for application/xml is org.apache.jmeter.protocol.http.parser.LagartoBasedHtmlParser
2026-06-08 16:08:03,543 INFO o.a.j.p.h.s.HTTPSamplerBase: Parser for text/xml is org.apache.jmeter.protocol.http.parser.LagartoBasedHtmlParser
2026-06-08 16:08:03,543 INFO o.a.j.p.h.s.HTTPSamplerBase: Parser for text/vnd.wap.wml is org.apache.jmeter.protocol.http.parser.RegexpHTMLParser
2026-06-08 16:08:03,543 INFO o.a.j.p.h.s.HTTPSamplerBase: Parser for text/css is org.apache.jmeter.protocol.http.parser.CssParser
2026-06-08 16:08:03,557 INFO o.a.j.JMeter: Creating summariser <summary>
2026-06-08 16:08:03,564 INFO o.a.j.r.d.ReportGenerator: ReportGenerator will use for Parsing the separator: ','
2026-06-08 16:08:03,564 INFO o.a.j.r.d.ReportGenerator: Will generate report at end of test from  results file: E:\大三下提交\软件测试\实验（软件测试课程）\实验9：LoadRunner性能测试\exp9\jmeter\results\scenario2-results.jtl
2026-06-08 16:08:03,565 INFO o.a.j.r.d.ReportGenerator: Reading report generator properties from: E:\apache-jmeter-5.6.3\apache-jmeter-5.6.3\bin\reportgenerator.properties
2026-06-08 16:08:03,565 INFO o.a.j.r.d.ReportGenerator: Merging with JMeter properties
2026-06-08 16:08:03,569 INFO o.a.j.r.c.ReportGeneratorConfiguration: Property 'jmeter.reportgenerator.temp_dir' not found, using default value 'temp' instead.
2026-06-08 16:08:03,570 INFO o.a.j.r.c.ReportGeneratorConfiguration: Property 'jmeter.reportgenerator.apdex_per_transaction' not found, using default value 'null' instead.
2026-06-08 16:08:03,570 INFO o.a.j.r.c.ReportGeneratorConfiguration: apdex_per_transaction is empty, not APDEX per transaction customization
2026-06-08 16:08:03,570 INFO o.a.j.r.c.ReportGeneratorConfiguration: Property 'jmeter.reportgenerator.sample_filter' not found, using default value 'null' instead.
2026-06-08 16:08:03,570 INFO o.a.j.r.c.ReportGeneratorConfiguration: Property 'jmeter.reportgenerator.report_title' not found, using default value 'null' instead.
2026-06-08 16:08:03,570 INFO o.a.j.r.c.ReportGeneratorConfiguration: Property 'jmeter.reportgenerator.start_date' not found, using default value 'null' instead.
2026-06-08 16:08:03,570 INFO o.a.j.r.c.ReportGeneratorConfiguration: Property 'jmeter.reportgenerator.end_date' not found, using default value 'null' instead.
2026-06-08 16:08:03,570 INFO o.a.j.r.c.ReportGeneratorConfiguration: Property 'jmeter.reportgenerator.date_format' not found, using default value 'null' instead.
2026-06-08 16:08:03,570 INFO o.a.j.r.c.ReportGeneratorConfiguration: Will use date range start date: null, end date: null
2026-06-08 16:08:03,574 INFO o.a.j.r.c.ReportGeneratorConfiguration: Property 'jmeter.reportgenerator.graph.totalTPS.exclude_controllers' not found, using default value 'false' instead.
2026-06-08 16:08:03,574 INFO o.a.j.r.c.ReportGeneratorConfiguration: Property 'jmeter.reportgenerator.graph.activeThreadsOverTime.exclude_controllers' not found, using default value 'false' instead.
2026-06-08 16:08:03,574 INFO o.a.j.r.c.ReportGeneratorConfiguration: Property 'jmeter.reportgenerator.graph.timeVsThreads.exclude_controllers' not found, using default value 'false' instead.
2026-06-08 16:08:03,574 INFO o.a.j.r.c.ReportGeneratorConfiguration: Property 'jmeter.reportgenerator.graph.responseTimeDistribution.exclude_controllers' not found, using default value 'false' instead.
2026-06-08 16:08:03,574 INFO o.a.j.r.c.ReportGeneratorConfiguration: Property 'jmeter.reportgenerator.graph.transactionsPerSecond.exclude_controllers' not found, using default value 'false' instead.
2026-06-08 16:08:03,574 INFO o.a.j.r.c.ReportGeneratorConfiguration: Property 'jmeter.reportgenerator.graph.responseTimePercentiles.exclude_controllers' not found, using default value 'false' instead.
2026-06-08 16:08:03,574 INFO o.a.j.r.c.ReportGeneratorConfiguration: Property 'jmeter.reportgenerator.graph.responseTimePercentilesOverTime.exclude_controllers' not found, using default value 'false' instead.
2026-06-08 16:08:03,574 INFO o.a.j.r.c.ReportGeneratorConfiguration: Property 'jmeter.reportgenerator.graph.responseTimesOverTime.exclude_controllers' not found, using default value 'false' instead.
2026-06-08 16:08:03,574 INFO o.a.j.r.c.ReportGeneratorConfiguration: Property 'jmeter.reportgenerator.graph.connectTimeOverTime.exclude_controllers' not found, using default value 'false' instead.
2026-06-08 16:08:03,575 INFO o.a.j.r.c.ReportGeneratorConfiguration: Property 'jmeter.reportgenerator.graph.latenciesOverTime.exclude_controllers' not found, using default value 'false' instead.
2026-06-08 16:08:03,575 INFO o.a.j.r.c.ReportGeneratorConfiguration: Property 'jmeter.reportgenerator.exporter.json.filters_only_sample_series' not found, using default value 'true' instead.
2026-06-08 16:08:03,575 INFO o.a.j.r.c.ReportGeneratorConfiguration: Property 'jmeter.reportgenerator.exporter.json.series_filter' not found, using default value '' instead.
2026-06-08 16:08:03,575 INFO o.a.j.r.c.ReportGeneratorConfiguration: Property 'jmeter.reportgenerator.exporter.json.show_controllers_only' not found, using default value 'false' instead.
2026-06-08 16:08:03,576 INFO o.a.j.r.c.ReportGeneratorConfiguration: Property 'jmeter.reportgenerator.exporter.html.filters_only_sample_series' not found, using default value 'true' instead.
2026-06-08 16:08:03,576 INFO o.a.j.r.c.ReportGeneratorConfiguration: Property 'jmeter.reportgenerator.exporter.html.series_filter' not found, using default value '' instead.
2026-06-08 16:08:03,576 INFO o.a.j.r.c.ReportGeneratorConfiguration: Property 'jmeter.reportgenerator.exporter.html.show_controllers_only' not found, using default value 'false' instead.
2026-06-08 16:08:03,592 INFO o.a.j.e.StandardJMeterEngine: Running the test!
2026-06-08 16:08:03,593 INFO o.a.j.s.SampleEvent: List of sample_variables: []
2026-06-08 16:08:03,593 INFO o.a.j.s.SampleEvent: List of sample_variables: []
2026-06-08 16:08:03,596 INFO o.a.j.e.u.CompoundVariable: Note: Function class names must contain the string: '.functions.'
2026-06-08 16:08:03,596 INFO o.a.j.e.u.CompoundVariable: Note: Function class names must not contain the string: '.gui.'
2026-06-08 16:08:03,653 INFO o.a.j.JMeter: Running test (1780906083653)
2026-06-08 16:08:03,666 INFO o.a.j.e.StandardJMeterEngine: Starting ThreadGroup: 1 : Scenario2 - Stress Test Users
2026-06-08 16:08:03,666 INFO o.a.j.e.StandardJMeterEngine: Starting 50 threads for group Scenario2 - Stress Test Users.
2026-06-08 16:08:03,666 INFO o.a.j.e.StandardJMeterEngine: Thread will continue on error
2026-06-08 16:08:03,668 INFO o.a.j.t.ThreadGroup: Starting thread group... number=1 threads=50 ramp-up=5 delayedStart=false
2026-06-08 16:08:03,675 INFO o.a.j.s.SampleResult: Note: Sample TimeStamps are START times
2026-06-08 16:08:03,676 INFO o.a.j.s.SampleResult: sampleresult.default.encoding is set to UTF-8
2026-06-08 16:08:03,676 INFO o.a.j.s.SampleResult: sampleresult.useNanoTime=true
2026-06-08 16:08:03,676 INFO o.a.j.s.SampleResult: sampleresult.nanoThreadSleep=5000
2026-06-08 16:08:03,690 INFO o.a.j.t.ThreadGroup: Started thread group number 1
2026-06-08 16:08:03,691 INFO o.a.j.e.StandardJMeterEngine: All thread groups have been started
2026-06-08 16:08:03,749 INFO o.a.j.t.JMeterThread: Thread started: Scenario2 - Stress Test Users 1-1
2026-06-08 16:08:03,751 INFO o.a.j.s.FileServer: Stored: data/names.csv
2026-06-08 16:08:03,848 INFO o.a.j.t.JMeterThread: Thread started: Scenario2 - Stress Test Users 1-2
2026-06-08 16:08:03,913 INFO o.a.j.p.h.s.HTTPHCAbstractImpl: Local host = Ulmus
2026-06-08 16:08:03,918 INFO o.a.j.p.h.s.HTTPHC4Impl: HTTP request retry count = 0
2026-06-08 16:08:03,947 INFO o.a.j.t.JMeterThread: Thread started: Scenario2 - Stress Test Users 1-3
2026-06-08 16:08:04,045 INFO o.a.j.t.JMeterThread: Thread started: Scenario2 - Stress Test Users 1-4
2026-06-08 16:08:04,145 INFO o.a.j.t.JMeterThread: Thread started: Scenario2 - Stress Test Users 1-5
2026-06-08 16:08:04,244 INFO o.a.j.t.JMeterThread: Thread started: Scenario2 - Stress Test Users 1-6
2026-06-08 16:08:04,344 INFO o.a.j.t.JMeterThread: Thread started: Scenario2 - Stress Test Users 1-7
2026-06-08 16:08:04,444 INFO o.a.j.t.JMeterThread: Thread started: Scenario2 - Stress Test Users 1-8
2026-06-08 16:08:04,544 INFO o.a.j.t.JMeterThread: Thread started: Scenario2 - Stress Test Users 1-9
2026-06-08 16:08:04,643 INFO o.a.j.t.JMeterThread: Thread started: Scenario2 - Stress Test Users 1-10
2026-06-08 16:08:04,744 INFO o.a.j.t.JMeterThread: Thread started: Scenario2 - Stress Test Users 1-11
2026-06-08 16:08:04,842 INFO o.a.j.t.JMeterThread: Thread started: Scenario2 - Stress Test Users 1-12
2026-06-08 16:08:04,942 INFO o.a.j.t.JMeterThread: Thread started: Scenario2 - Stress Test Users 1-13
2026-06-08 16:08:05,040 INFO o.a.j.t.JMeterThread: Thread started: Scenario2 - Stress Test Users 1-14
2026-06-08 16:08:05,139 INFO o.a.j.t.JMeterThread: Thread started: Scenario2 - Stress Test Users 1-15
2026-06-08 16:08:05,238 INFO o.a.j.t.JMeterThread: Thread started: Scenario2 - Stress Test Users 1-16
2026-06-08 16:08:05,338 INFO o.a.j.t.JMeterThread: Thread started: Scenario2 - Stress Test Users 1-17
2026-06-08 16:08:05,438 INFO o.a.j.t.JMeterThread: Thread started: Scenario2 - Stress Test Users 1-18
2026-06-08 16:08:05,538 INFO o.a.j.t.JMeterThread: Thread started: Scenario2 - Stress Test Users 1-19
2026-06-08 16:08:05,636 INFO o.a.j.t.JMeterThread: Thread started: Scenario2 - Stress Test Users 1-20
2026-06-08 16:08:05,738 INFO o.a.j.t.JMeterThread: Thread started: Scenario2 - Stress Test Users 1-21
2026-06-08 16:08:05,835 INFO o.a.j.t.JMeterThread: Thread started: Scenario2 - Stress Test Users 1-22
2026-06-08 16:08:05,935 INFO o.a.j.t.JMeterThread: Thread started: Scenario2 - Stress Test Users 1-23
2026-06-08 16:08:06,036 INFO o.a.j.t.JMeterThread: Thread started: Scenario2 - Stress Test Users 1-24
2026-06-08 16:08:06,136 INFO o.a.j.t.JMeterThread: Thread started: Scenario2 - Stress Test Users 1-25
2026-06-08 16:08:06,235 INFO o.a.j.t.JMeterThread: Thread started: Scenario2 - Stress Test Users 1-26
2026-06-08 16:08:06,335 INFO o.a.j.t.JMeterThread: Thread started: Scenario2 - Stress Test Users 1-27
2026-06-08 16:08:06,434 INFO o.a.j.t.JMeterThread: Thread started: Scenario2 - Stress Test Users 1-28
2026-06-08 16:08:06,535 INFO o.a.j.t.JMeterThread: Thread started: Scenario2 - Stress Test Users 1-29
2026-06-08 16:08:06,634 INFO o.a.j.t.JMeterThread: Thread started: Scenario2 - Stress Test Users 1-30
2026-06-08 16:08:06,736 INFO o.a.j.t.JMeterThread: Thread started: Scenario2 - Stress Test Users 1-31
2026-06-08 16:08:06,832 INFO o.a.j.t.JMeterThread: Thread started: Scenario2 - Stress Test Users 1-32
2026-06-08 16:08:06,933 INFO o.a.j.t.JMeterThread: Thread started: Scenario2 - Stress Test Users 1-33
2026-06-08 16:08:07,007 INFO o.a.j.t.JMeterThread: Thread is done: Scenario2 - Stress Test Users 1-3
2026-06-08 16:08:07,007 INFO o.a.j.t.JMeterThread: Thread finished: Scenario2 - Stress Test Users 1-3
2026-06-08 16:08:07,031 INFO o.a.j.t.JMeterThread: Thread started: Scenario2 - Stress Test Users 1-34
2026-06-08 16:08:07,048 INFO o.a.j.t.JMeterThread: Thread is done: Scenario2 - Stress Test Users 1-6
2026-06-08 16:08:07,048 INFO o.a.j.t.JMeterThread: Thread finished: Scenario2 - Stress Test Users 1-6
2026-06-08 16:08:07,053 INFO o.a.j.t.JMeterThread: Thread is done: Scenario2 - Stress Test Users 1-1
2026-06-08 16:08:07,053 INFO o.a.j.t.JMeterThread: Thread finished: Scenario2 - Stress Test Users 1-1
2026-06-08 16:08:07,075 INFO o.a.j.t.JMeterThread: Thread is done: Scenario2 - Stress Test Users 1-2
2026-06-08 16:08:07,075 INFO o.a.j.t.JMeterThread: Thread finished: Scenario2 - Stress Test Users 1-2
2026-06-08 16:08:07,133 INFO o.a.j.t.JMeterThread: Thread started: Scenario2 - Stress Test Users 1-35
2026-06-08 16:08:07,226 INFO o.a.j.t.JMeterThread: Thread is done: Scenario2 - Stress Test Users 1-4
2026-06-08 16:08:07,226 INFO o.a.j.t.JMeterThread: Thread finished: Scenario2 - Stress Test Users 1-4
2026-06-08 16:08:07,233 INFO o.a.j.t.JMeterThread: Thread started: Scenario2 - Stress Test Users 1-36
2026-06-08 16:08:07,332 INFO o.a.j.t.JMeterThread: Thread started: Scenario2 - Stress Test Users 1-37
2026-06-08 16:08:07,377 INFO o.a.j.t.JMeterThread: Thread is done: Scenario2 - Stress Test Users 1-7
2026-06-08 16:08:07,377 INFO o.a.j.t.JMeterThread: Thread finished: Scenario2 - Stress Test Users 1-7
2026-06-08 16:08:07,431 INFO o.a.j.t.JMeterThread: Thread started: Scenario2 - Stress Test Users 1-38
2026-06-08 16:08:07,449 INFO o.a.j.t.JMeterThread: Thread is done: Scenario2 - Stress Test Users 1-5
2026-06-08 16:08:07,449 INFO o.a.j.t.JMeterThread: Thread finished: Scenario2 - Stress Test Users 1-5
2026-06-08 16:08:07,455 INFO o.a.j.t.JMeterThread: Thread is done: Scenario2 - Stress Test Users 1-8
2026-06-08 16:08:07,455 INFO o.a.j.t.JMeterThread: Thread finished: Scenario2 - Stress Test Users 1-8
2026-06-08 16:08:07,491 INFO o.a.j.t.JMeterThread: Thread is done: Scenario2 - Stress Test Users 1-9
2026-06-08 16:08:07,491 INFO o.a.j.t.JMeterThread: Thread finished: Scenario2 - Stress Test Users 1-9
2026-06-08 16:08:07,531 INFO o.a.j.t.JMeterThread: Thread started: Scenario2 - Stress Test Users 1-39
2026-06-08 16:08:07,631 INFO o.a.j.t.JMeterThread: Thread started: Scenario2 - Stress Test Users 1-40
2026-06-08 16:08:07,651 INFO o.a.j.t.JMeterThread: Thread is done: Scenario2 - Stress Test Users 1-10
2026-06-08 16:08:07,652 INFO o.a.j.t.JMeterThread: Thread finished: Scenario2 - Stress Test Users 1-10
2026-06-08 16:08:07,731 INFO o.a.j.t.JMeterThread: Thread started: Scenario2 - Stress Test Users 1-41
2026-06-08 16:08:07,831 INFO o.a.j.t.JMeterThread: Thread started: Scenario2 - Stress Test Users 1-42
2026-06-08 16:08:07,932 INFO o.a.j.t.JMeterThread: Thread started: Scenario2 - Stress Test Users 1-43
2026-06-08 16:08:07,942 INFO o.a.j.t.JMeterThread: Thread is done: Scenario2 - Stress Test Users 1-11
2026-06-08 16:08:07,942 INFO o.a.j.t.JMeterThread: Thread finished: Scenario2 - Stress Test Users 1-11
2026-06-08 16:08:07,963 INFO o.a.j.t.JMeterThread: Thread is done: Scenario2 - Stress Test Users 1-14
2026-06-08 16:08:07,963 INFO o.a.j.t.JMeterThread: Thread finished: Scenario2 - Stress Test Users 1-14
2026-06-08 16:08:08,020 INFO o.a.j.t.JMeterThread: Thread is done: Scenario2 - Stress Test Users 1-13
2026-06-08 16:08:08,020 INFO o.a.j.t.JMeterThread: Thread finished: Scenario2 - Stress Test Users 1-13
2026-06-08 16:08:08,027 INFO o.a.j.t.JMeterThread: Thread started: Scenario2 - Stress Test Users 1-44
2026-06-08 16:08:08,049 INFO o.a.j.t.JMeterThread: Thread is done: Scenario2 - Stress Test Users 1-15
2026-06-08 16:08:08,049 INFO o.a.j.t.JMeterThread: Thread is done: Scenario2 - Stress Test Users 1-12
2026-06-08 16:08:08,049 INFO o.a.j.t.JMeterThread: Thread finished: Scenario2 - Stress Test Users 1-15
2026-06-08 16:08:08,049 INFO o.a.j.t.JMeterThread: Thread finished: Scenario2 - Stress Test Users 1-12
2026-06-08 16:08:08,130 INFO o.a.j.t.JMeterThread: Thread started: Scenario2 - Stress Test Users 1-45
2026-06-08 16:08:08,229 INFO o.a.j.t.JMeterThread: Thread started: Scenario2 - Stress Test Users 1-46
2026-06-08 16:08:08,245 INFO o.a.j.t.JMeterThread: Thread is done: Scenario2 - Stress Test Users 1-16
2026-06-08 16:08:08,245 INFO o.a.j.t.JMeterThread: Thread finished: Scenario2 - Stress Test Users 1-16
2026-06-08 16:08:08,326 INFO o.a.j.t.JMeterThread: Thread started: Scenario2 - Stress Test Users 1-47
2026-06-08 16:08:08,429 INFO o.a.j.t.JMeterThread: Thread started: Scenario2 - Stress Test Users 1-48
2026-06-08 16:08:08,473 INFO o.a.j.t.JMeterThread: Thread is done: Scenario2 - Stress Test Users 1-18
2026-06-08 16:08:08,473 INFO o.a.j.t.JMeterThread: Thread finished: Scenario2 - Stress Test Users 1-18
2026-06-08 16:08:08,527 INFO o.a.j.t.JMeterThread: Thread started: Scenario2 - Stress Test Users 1-49
2026-06-08 16:08:08,560 INFO o.a.j.t.JMeterThread: Thread is done: Scenario2 - Stress Test Users 1-17
2026-06-08 16:08:08,560 INFO o.a.j.t.JMeterThread: Thread finished: Scenario2 - Stress Test Users 1-17
2026-06-08 16:08:08,627 INFO o.a.j.t.JMeterThread: Thread started: Scenario2 - Stress Test Users 1-50
2026-06-08 16:08:08,642 INFO o.a.j.t.JMeterThread: Thread is done: Scenario2 - Stress Test Users 1-19
2026-06-08 16:08:08,642 INFO o.a.j.t.JMeterThread: Thread finished: Scenario2 - Stress Test Users 1-19
2026-06-08 16:08:08,681 INFO o.a.j.t.JMeterThread: Thread is done: Scenario2 - Stress Test Users 1-20
2026-06-08 16:08:08,681 INFO o.a.j.t.JMeterThread: Thread finished: Scenario2 - Stress Test Users 1-20
2026-06-08 16:08:08,838 INFO o.a.j.t.JMeterThread: Thread is done: Scenario2 - Stress Test Users 1-21
2026-06-08 16:08:08,838 INFO o.a.j.t.JMeterThread: Thread finished: Scenario2 - Stress Test Users 1-21
2026-06-08 16:08:08,864 INFO o.a.j.t.JMeterThread: Thread is done: Scenario2 - Stress Test Users 1-23
2026-06-08 16:08:08,864 INFO o.a.j.t.JMeterThread: Thread finished: Scenario2 - Stress Test Users 1-23
2026-06-08 16:08:08,948 INFO o.a.j.t.JMeterThread: Thread is done: Scenario2 - Stress Test Users 1-22
2026-06-08 16:08:08,948 INFO o.a.j.t.JMeterThread: Thread finished: Scenario2 - Stress Test Users 1-22
2026-06-08 16:08:09,054 INFO o.a.j.t.JMeterThread: Thread is done: Scenario2 - Stress Test Users 1-27
2026-06-08 16:08:09,054 INFO o.a.j.t.JMeterThread: Thread finished: Scenario2 - Stress Test Users 1-27
2026-06-08 16:08:09,160 INFO o.a.j.t.JMeterThread: Thread is done: Scenario2 - Stress Test Users 1-26
2026-06-08 16:08:09,160 INFO o.a.j.t.JMeterThread: Thread finished: Scenario2 - Stress Test Users 1-26
2026-06-08 16:08:09,215 INFO o.a.j.t.JMeterThread: Thread is done: Scenario2 - Stress Test Users 1-25
2026-06-08 16:08:09,215 INFO o.a.j.t.JMeterThread: Thread finished: Scenario2 - Stress Test Users 1-25
2026-06-08 16:08:09,295 INFO o.a.j.t.JMeterThread: Thread is done: Scenario2 - Stress Test Users 1-24
2026-06-08 16:08:09,295 INFO o.a.j.t.JMeterThread: Thread finished: Scenario2 - Stress Test Users 1-24
2026-06-08 16:08:09,366 INFO o.a.j.t.JMeterThread: Thread is done: Scenario2 - Stress Test Users 1-28
2026-06-08 16:08:09,366 INFO o.a.j.t.JMeterThread: Thread finished: Scenario2 - Stress Test Users 1-28
2026-06-08 16:08:09,467 INFO o.a.j.t.JMeterThread: Thread is done: Scenario2 - Stress Test Users 1-29
2026-06-08 16:08:09,467 INFO o.a.j.t.JMeterThread: Thread finished: Scenario2 - Stress Test Users 1-29
2026-06-08 16:08:09,691 INFO o.a.j.t.JMeterThread: Thread is done: Scenario2 - Stress Test Users 1-30
2026-06-08 16:08:09,691 INFO o.a.j.t.JMeterThread: Thread finished: Scenario2 - Stress Test Users 1-30
2026-06-08 16:08:09,762 INFO o.a.j.t.JMeterThread: Thread is done: Scenario2 - Stress Test Users 1-32
2026-06-08 16:08:09,762 INFO o.a.j.t.JMeterThread: Thread finished: Scenario2 - Stress Test Users 1-32
2026-06-08 16:08:09,896 INFO o.a.j.t.JMeterThread: Thread is done: Scenario2 - Stress Test Users 1-33
2026-06-08 16:08:09,896 INFO o.a.j.t.JMeterThread: Thread finished: Scenario2 - Stress Test Users 1-33
2026-06-08 16:08:09,970 INFO o.a.j.t.JMeterThread: Thread is done: Scenario2 - Stress Test Users 1-31
2026-06-08 16:08:09,970 INFO o.a.j.t.JMeterThread: Thread finished: Scenario2 - Stress Test Users 1-31
2026-06-08 16:08:10,116 INFO o.a.j.t.JMeterThread: Thread is done: Scenario2 - Stress Test Users 1-34
2026-06-08 16:08:10,116 INFO o.a.j.t.JMeterThread: Thread finished: Scenario2 - Stress Test Users 1-34
2026-06-08 16:08:10,133 INFO o.a.j.t.JMeterThread: Thread is done: Scenario2 - Stress Test Users 1-35
2026-06-08 16:08:10,133 INFO o.a.j.t.JMeterThread: Thread finished: Scenario2 - Stress Test Users 1-35
2026-06-08 16:08:10,170 INFO o.a.j.t.JMeterThread: Thread is done: Scenario2 - Stress Test Users 1-37
2026-06-08 16:08:10,170 INFO o.a.j.t.JMeterThread: Thread finished: Scenario2 - Stress Test Users 1-37
2026-06-08 16:08:10,417 INFO o.a.j.t.JMeterThread: Thread is done: Scenario2 - Stress Test Users 1-38
2026-06-08 16:08:10,417 INFO o.a.j.t.JMeterThread: Thread finished: Scenario2 - Stress Test Users 1-38
2026-06-08 16:08:10,511 INFO o.a.j.t.JMeterThread: Thread is done: Scenario2 - Stress Test Users 1-36
2026-06-08 16:08:10,511 INFO o.a.j.t.JMeterThread: Thread finished: Scenario2 - Stress Test Users 1-36
2026-06-08 16:08:10,615 INFO o.a.j.t.JMeterThread: Thread is done: Scenario2 - Stress Test Users 1-40
2026-06-08 16:08:10,615 INFO o.a.j.t.JMeterThread: Thread finished: Scenario2 - Stress Test Users 1-40
2026-06-08 16:08:10,625 INFO o.a.j.t.JMeterThread: Thread is done: Scenario2 - Stress Test Users 1-39
2026-06-08 16:08:10,625 INFO o.a.j.t.JMeterThread: Thread finished: Scenario2 - Stress Test Users 1-39
2026-06-08 16:08:10,652 INFO o.a.j.t.JMeterThread: Thread is done: Scenario2 - Stress Test Users 1-41
2026-06-08 16:08:10,652 INFO o.a.j.t.JMeterThread: Thread finished: Scenario2 - Stress Test Users 1-41
2026-06-08 16:08:10,872 INFO o.a.j.t.JMeterThread: Thread is done: Scenario2 - Stress Test Users 1-47
2026-06-08 16:08:10,872 INFO o.a.j.t.JMeterThread: Thread finished: Scenario2 - Stress Test Users 1-47
2026-06-08 16:08:11,109 INFO o.a.j.t.JMeterThread: Thread is done: Scenario2 - Stress Test Users 1-42
2026-06-08 16:08:11,109 INFO o.a.j.t.JMeterThread: Thread finished: Scenario2 - Stress Test Users 1-42
2026-06-08 16:08:11,121 INFO o.a.j.t.JMeterThread: Thread is done: Scenario2 - Stress Test Users 1-44
2026-06-08 16:08:11,121 INFO o.a.j.t.JMeterThread: Thread finished: Scenario2 - Stress Test Users 1-44
2026-06-08 16:08:11,168 INFO o.a.j.t.JMeterThread: Thread is done: Scenario2 - Stress Test Users 1-48
2026-06-08 16:08:11,168 INFO o.a.j.t.JMeterThread: Thread finished: Scenario2 - Stress Test Users 1-48
2026-06-08 16:08:11,195 INFO o.a.j.t.JMeterThread: Thread is done: Scenario2 - Stress Test Users 1-43
2026-06-08 16:08:11,195 INFO o.a.j.t.JMeterThread: Thread finished: Scenario2 - Stress Test Users 1-43
2026-06-08 16:08:11,311 INFO o.a.j.t.JMeterThread: Thread is done: Scenario2 - Stress Test Users 1-46
2026-06-08 16:08:11,311 INFO o.a.j.t.JMeterThread: Thread finished: Scenario2 - Stress Test Users 1-46
2026-06-08 16:08:11,326 INFO o.a.j.t.JMeterThread: Thread is done: Scenario2 - Stress Test Users 1-45
2026-06-08 16:08:11,327 INFO o.a.j.t.JMeterThread: Thread finished: Scenario2 - Stress Test Users 1-45
2026-06-08 16:08:11,485 INFO o.a.j.t.JMeterThread: Thread is done: Scenario2 - Stress Test Users 1-49
2026-06-08 16:08:11,485 INFO o.a.j.t.JMeterThread: Thread finished: Scenario2 - Stress Test Users 1-49
2026-06-08 16:08:11,633 INFO o.a.j.t.JMeterThread: Thread is done: Scenario2 - Stress Test Users 1-50
2026-06-08 16:08:11,634 INFO o.a.j.t.JMeterThread: Thread finished: Scenario2 - Stress Test Users 1-50
2026-06-08 16:08:11,634 INFO o.a.j.e.StandardJMeterEngine: Notifying test listeners of end of test
2026-06-08 16:08:11,634 INFO o.a.j.s.FileServer: Close: data/names.csv
2026-06-08 16:08:11,640 INFO o.a.j.r.Summariser: summary =      0 in 00:00:00 = ******/s Avg:     0 Min: 9223372036854775807 Max: -9223372036854775808 Err:     0 (0.00%)
2026-06-08 16:08:11,641 INFO o.a.j.JMeter: Generating Dashboard
2026-06-08 16:08:11,641 INFO o.a.j.r.d.ReportGenerator: Flushing result collector before report Generation
2026-06-08 16:08:11,649 INFO o.a.j.r.p.NormalizerSampleConsumer: Using format, 'ms', to parse timeStamp field
2026-06-08 16:08:11,772 INFO o.a.j.r.p.AbstractSampleConsumer: class org.apache.jmeter.report.processor.AggregateConsumer#stopProducing(): beginDate produced 0 samples
2026-06-08 16:08:11,772 INFO o.a.j.r.p.AbstractSampleConsumer: class org.apache.jmeter.report.processor.AggregateConsumer#stopProducing(): endDate produced 0 samples
2026-06-08 16:08:11,781 INFO o.a.j.r.p.AbstractSampleConsumer: class org.apache.jmeter.report.processor.ApdexSummaryConsumer#stopProducing(): apdexSummary produced 0 samples
2026-06-08 16:08:11,781 INFO o.a.j.r.p.AbstractSampleConsumer: class org.apache.jmeter.report.processor.RequestsSummaryConsumer#stopProducing(): requestsSummary produced 0 samples
2026-06-08 16:08:11,789 INFO o.a.j.r.p.AbstractSampleConsumer: class org.apache.jmeter.report.processor.StatisticsSummaryConsumer#stopProducing(): statisticsSummary produced 0 samples
2026-06-08 16:08:11,790 INFO o.a.j.r.p.AbstractSampleConsumer: class org.apache.jmeter.report.processor.Top5ErrorsBySamplerConsumer#stopProducing(): top5ErrorsBySampler produced 0 samples
2026-06-08 16:08:11,790 INFO o.a.j.r.p.AbstractSampleConsumer: class org.apache.jmeter.report.processor.ErrorsSummaryConsumer#stopProducing(): errorsSummary produced 0 samples
2026-06-08 16:08:11,790 INFO o.a.j.r.p.AbstractSampleConsumer: class org.apache.jmeter.report.processor.graph.impl.HitsPerSecondGraphConsumer#stopProducing(): hitsPerSecond produced 0 samples
2026-06-08 16:08:11,826 INFO o.a.j.r.p.AbstractSampleConsumer: class org.apache.jmeter.report.processor.graph.impl.LatencyVSRequestGraphConsumer#stopProducing(): latencyVsRequest produced 0 samples
2026-06-08 16:08:11,827 INFO o.a.j.r.p.AbstractSampleConsumer: class org.apache.jmeter.report.processor.graph.impl.SyntheticResponseTimeDistributionGraphConsumer#stopProducing(): syntheticResponseTimeDistribution produced 0 samples
2026-06-08 16:08:11,828 INFO o.a.j.r.p.AbstractSampleConsumer: class org.apache.jmeter.report.processor.graph.impl.BytesThroughputGraphConsumer#stopProducing(): bytesThroughputOverTime produced 0 samples
2026-06-08 16:08:11,828 INFO o.a.j.r.p.AbstractSampleConsumer: class org.apache.jmeter.report.processor.graph.impl.CodesPerSecondGraphConsumer#stopProducing(): codesPerSecond produced 0 samples
2026-06-08 16:08:11,850 INFO o.a.j.r.p.AbstractSampleConsumer: class org.apache.jmeter.report.processor.graph.impl.ResponseTimeVSRequestGraphConsumer#stopProducing(): responseTimeVsRequest produced 0 samples
2026-06-08 16:08:11,850 INFO o.a.j.r.p.AbstractSampleConsumer: class org.apache.jmeter.report.processor.FilterConsumer#stopProducing(): startIntervalControlerFilter produced 10500 samples
2026-06-08 16:08:11,850 INFO o.a.j.r.p.AbstractSampleConsumer: class org.apache.jmeter.report.processor.graph.impl.TotalTPSGraphConsumer#stopProducing(): totalTPS produced 0 samples
2026-06-08 16:08:11,851 INFO o.a.j.r.p.AbstractSampleConsumer: class org.apache.jmeter.report.processor.graph.impl.ActiveThreadsGraphConsumer#stopProducing(): activeThreadsOverTime produced 0 samples
2026-06-08 16:08:11,851 INFO o.a.j.r.p.AbstractSampleConsumer: class org.apache.jmeter.report.processor.graph.impl.TimeVSThreadGraphConsumer#stopProducing(): timeVsThreads produced 0 samples
2026-06-08 16:08:11,851 INFO o.a.j.r.p.AbstractSampleConsumer: class org.apache.jmeter.report.processor.graph.impl.ResponseTimeDistributionGraphConsumer#stopProducing(): responseTimeDistribution produced 0 samples
2026-06-08 16:08:11,851 INFO o.a.j.r.p.AbstractSampleConsumer: class org.apache.jmeter.report.processor.graph.impl.TransactionsPerSecondGraphConsumer#stopProducing(): transactionsPerSecond produced 0 samples
2026-06-08 16:08:11,851 INFO o.a.j.r.p.AbstractSampleConsumer: class org.apache.jmeter.report.processor.graph.impl.ResponseTimePercentilesGraphConsumer#stopProducing(): responseTimePercentiles produced 0 samples
2026-06-08 16:08:11,851 INFO o.a.j.r.p.AbstractSampleConsumer: class org.apache.jmeter.report.processor.graph.impl.ResponseTimePercentilesOverTimeGraphConsumer#stopProducing(): responseTimePercentilesOverTime produced 0 samples
2026-06-08 16:08:11,852 INFO o.a.j.r.p.AbstractSampleConsumer: class org.apache.jmeter.report.processor.graph.impl.ResponseTimeOverTimeGraphConsumer#stopProducing(): responseTimesOverTime produced 0 samples
2026-06-08 16:08:11,852 INFO o.a.j.r.p.AbstractSampleConsumer: class org.apache.jmeter.report.processor.graph.impl.ConnectTimeOverTimeGraphConsumer#stopProducing(): connectTimeOverTime produced 0 samples
2026-06-08 16:08:11,852 INFO o.a.j.r.p.AbstractSampleConsumer: class org.apache.jmeter.report.processor.graph.impl.LatencyOverTimeGraphConsumer#stopProducing(): latenciesOverTime produced 0 samples
2026-06-08 16:08:11,852 INFO o.a.j.r.p.AbstractSampleConsumer: class org.apache.jmeter.report.processor.FilterConsumer#stopProducing(): nameFilter produced 45000 samples
2026-06-08 16:08:11,852 INFO o.a.j.r.p.AbstractSampleConsumer: class org.apache.jmeter.report.processor.FilterConsumer#stopProducing(): dateRangeFilter produced 9000 samples
2026-06-08 16:08:11,852 INFO o.a.j.r.p.AbstractSampleConsumer: class org.apache.jmeter.report.processor.NormalizerSampleConsumer#stopProducing(): normalizer produced 3000 samples
2026-06-08 16:08:11,852 INFO o.a.j.r.p.CsvFileSampleSource: produce(): 3000 samples produced in 188ms on channel 0
2026-06-08 16:08:11,852 INFO o.a.j.r.d.ReportGenerator: Exporting data using exporter:'json' of className:'org.apache.jmeter.report.dashboard.JsonExporter'
2026-06-08 16:08:11,914 INFO o.a.j.r.d.JsonExporter: Found data for consumer statisticsSummary in context
2026-06-08 16:08:11,914 INFO o.a.j.r.d.JsonExporter: Creating statistics for overall
2026-06-08 16:08:11,914 INFO o.a.j.r.d.JsonExporter: Creating statistics for other transactions
2026-06-08 16:08:11,914 INFO o.a.j.r.d.JsonExporter: Checking output folder
2026-06-08 16:08:11,917 INFO o.a.j.r.d.JsonExporter: Writing statistics JSON to E:\大三下提交\软件测试\实验（软件测试课程）\实验9：LoadRunner性能测试\exp9\jmeter\results\scenario2-report\statistics.json
2026-06-08 16:08:11,948 INFO o.a.j.r.d.ReportGenerator: Exporting data using exporter:'html' of className:'org.apache.jmeter.report.dashboard.HtmlTemplateExporter'
2026-06-08 16:08:11,951 INFO o.a.j.r.d.HtmlTemplateExporter: Will generate dashboard in folder: E:\大三下提交\软件测试\实验（软件测试课程）\实验9：LoadRunner性能测试\exp9\jmeter\results\scenario2-report
2026-06-08 16:08:12,047 INFO o.a.j.r.d.HtmlTemplateExporter: Report will be generated in: E:\大三下提交\软件测试\实验（软件测试课程）\实验9：LoadRunner性能测试\exp9\jmeter\results\scenario2-report, creating folder structure
2026-06-08 16:08:12,049 INFO o.a.j.r.d.TemplateVisitor: Copying folder from 'E:\apache-jmeter-5.6.3\apache-jmeter-5.6.3\bin\report-template' to 'E:\大三下提交\软件测试\实验（软件测试课程）\实验9：LoadRunner性能测试\exp9\jmeter\results\scenario2-report', got message: E:\大三下提交\软件测试\实验（软件测试课程）\实验9：LoadRunner性能测试\exp9\jmeter\results\scenario2-report, found non empty folder with following content [E:\大三下提交\软件测试\实验（软件测试课程）\实验9：LoadRunner性能测试\exp9\jmeter\results\scenario2-report\statistics.json], will be ignored
2026-06-08 16:08:12,760 INFO o.a.j.JMeter: Dashboard generated
