2026-06-08 15:57:12,827 INFO o.a.j.u.JMeterUtils: Setting Locale to en_EN
2026-06-08 15:57:12,840 INFO o.a.j.JMeter: Loading user properties from: E:\apache-jmeter-5.6.3\apache-jmeter-5.6.3\bin\user.properties
2026-06-08 15:57:12,841 INFO o.a.j.JMeter: Loading system properties from: E:\apache-jmeter-5.6.3\apache-jmeter-5.6.3\bin\system.properties
2026-06-08 15:57:12,847 INFO o.a.j.JMeter: Copyright (c) 1998-2024 The Apache Software Foundation
2026-06-08 15:57:12,847 INFO o.a.j.JMeter: Version 5.6.3
2026-06-08 15:57:12,847 INFO o.a.j.JMeter: java.version=21.0.8
2026-06-08 15:57:12,847 INFO o.a.j.JMeter: java.vm.name=Java HotSpot(TM) 64-Bit Server VM
2026-06-08 15:57:12,847 INFO o.a.j.JMeter: os.name=Windows 11
2026-06-08 15:57:12,851 INFO o.a.j.JMeter: os.arch=amd64
2026-06-08 15:57:12,851 INFO o.a.j.JMeter: os.version=10.0
2026-06-08 15:57:12,851 INFO o.a.j.JMeter: file.encoding=UTF-8
2026-06-08 15:57:12,851 INFO o.a.j.JMeter: java.awt.headless=true
2026-06-08 15:57:12,852 INFO o.a.j.JMeter: Max memory     =1073741824
2026-06-08 15:57:12,852 INFO o.a.j.JMeter: Available Processors =32
2026-06-08 15:57:12,857 INFO o.a.j.JMeter: Default Locale=English (EN)
2026-06-08 15:57:12,857 INFO o.a.j.JMeter: JMeter  Locale=English (EN)
2026-06-08 15:57:12,858 INFO o.a.j.JMeter: JMeterHome=E:\apache-jmeter-5.6.3\apache-jmeter-5.6.3
2026-06-08 15:57:12,858 INFO o.a.j.JMeter: user.dir  =E:\大三下提交\软件测试\实验（软件测试课程）\实验9：LoadRunner性能测试\作业8\jmeter
2026-06-08 15:57:12,858 INFO o.a.j.JMeter: PWD       =E:\大三下提交\软件测试\实验（软件测试课程）\实验9：LoadRunner性能测试\作业8\jmeter
2026-06-08 15:57:12,859 INFO o.a.j.JMeter: IP: 192.168.56.1 Name: Ulmus FullName: Ulmus
2026-06-08 15:57:12,874 INFO o.a.j.JMeter: Setting property 'jmeter.reportgenerator.outputdir' to:'E:\大三下提交\软件测试\实验（软件测试课程）\实验9：LoadRunner性能测试\作业8\jmeter\results\scenario2-report'
2026-06-08 15:57:12,876 INFO o.a.j.s.FileServer: Default base='E:\大三下提交\软件测试\实验（软件测试课程）\实验9：LoadRunner性能测试\作业8\jmeter'
2026-06-08 15:57:12,877 INFO o.a.j.s.FileServer: Set new base='E:\大三下提交\软件测试\实验（软件测试课程）\实验9：LoadRunner性能测试\作业8\jmeter'
2026-06-08 15:57:13,013 INFO o.a.j.s.SaveService: Testplan (JMX) version: 2.2. Testlog (JTL) version: 2.2
2026-06-08 15:57:13,038 INFO o.a.j.s.SaveService: Using SaveService properties version 5.0
2026-06-08 15:57:13,040 INFO o.a.j.s.SaveService: Using SaveService properties file encoding UTF-8
2026-06-08 15:57:13,045 INFO o.a.j.s.SaveService: Loading file: E:\大三下提交\软件测试\实验（软件测试课程）\实验9：LoadRunner性能测试\作业8\jmeter\scenario2-stress.jmx
2026-06-08 15:57:13,098 INFO o.a.j.p.h.s.HTTPSamplerBase: Parser for text/html is org.apache.jmeter.protocol.http.parser.LagartoBasedHtmlParser
2026-06-08 15:57:13,098 INFO o.a.j.p.h.s.HTTPSamplerBase: Parser for application/xhtml+xml is org.apache.jmeter.protocol.http.parser.LagartoBasedHtmlParser
2026-06-08 15:57:13,098 INFO o.a.j.p.h.s.HTTPSamplerBase: Parser for application/xml is org.apache.jmeter.protocol.http.parser.LagartoBasedHtmlParser
2026-06-08 15:57:13,098 INFO o.a.j.p.h.s.HTTPSamplerBase: Parser for text/xml is org.apache.jmeter.protocol.http.parser.LagartoBasedHtmlParser
2026-06-08 15:57:13,098 INFO o.a.j.p.h.s.HTTPSamplerBase: Parser for text/vnd.wap.wml is org.apache.jmeter.protocol.http.parser.RegexpHTMLParser
2026-06-08 15:57:13,098 INFO o.a.j.p.h.s.HTTPSamplerBase: Parser for text/css is org.apache.jmeter.protocol.http.parser.CssParser
2026-06-08 15:57:13,112 INFO o.a.j.JMeter: Creating summariser <summary>
2026-06-08 15:57:13,120 INFO o.a.j.r.d.ReportGenerator: ReportGenerator will use for Parsing the separator: ','
2026-06-08 15:57:13,120 INFO o.a.j.r.d.ReportGenerator: Will generate report at end of test from  results file: E:\大三下提交\软件测试\实验（软件测试课程）\实验9：LoadRunner性能测试\作业8\jmeter\results\scenario2-results.jtl
2026-06-08 15:57:13,120 INFO o.a.j.r.d.ReportGenerator: Reading report generator properties from: E:\apache-jmeter-5.6.3\apache-jmeter-5.6.3\bin\reportgenerator.properties
2026-06-08 15:57:13,121 INFO o.a.j.r.d.ReportGenerator: Merging with JMeter properties
2026-06-08 15:57:13,123 INFO o.a.j.r.c.ReportGeneratorConfiguration: Property 'jmeter.reportgenerator.temp_dir' not found, using default value 'temp' instead.
2026-06-08 15:57:13,125 INFO o.a.j.r.c.ReportGeneratorConfiguration: Property 'jmeter.reportgenerator.apdex_per_transaction' not found, using default value 'null' instead.
2026-06-08 15:57:13,126 INFO o.a.j.r.c.ReportGeneratorConfiguration: apdex_per_transaction is empty, not APDEX per transaction customization
2026-06-08 15:57:13,126 INFO o.a.j.r.c.ReportGeneratorConfiguration: Property 'jmeter.reportgenerator.sample_filter' not found, using default value 'null' instead.
2026-06-08 15:57:13,126 INFO o.a.j.r.c.ReportGeneratorConfiguration: Property 'jmeter.reportgenerator.report_title' not found, using default value 'null' instead.
2026-06-08 15:57:13,126 INFO o.a.j.r.c.ReportGeneratorConfiguration: Property 'jmeter.reportgenerator.start_date' not found, using default value 'null' instead.
2026-06-08 15:57:13,126 INFO o.a.j.r.c.ReportGeneratorConfiguration: Property 'jmeter.reportgenerator.end_date' not found, using default value 'null' instead.
2026-06-08 15:57:13,126 INFO o.a.j.r.c.ReportGeneratorConfiguration: Property 'jmeter.reportgenerator.date_format' not found, using default value 'null' instead.
2026-06-08 15:57:13,126 INFO o.a.j.r.c.ReportGeneratorConfiguration: Will use date range start date: null, end date: null
2026-06-08 15:57:13,128 INFO o.a.j.r.c.ReportGeneratorConfiguration: Property 'jmeter.reportgenerator.graph.totalTPS.exclude_controllers' not found, using default value 'false' instead.
2026-06-08 15:57:13,129 INFO o.a.j.r.c.ReportGeneratorConfiguration: Property 'jmeter.reportgenerator.graph.activeThreadsOverTime.exclude_controllers' not found, using default value 'false' instead.
2026-06-08 15:57:13,129 INFO o.a.j.r.c.ReportGeneratorConfiguration: Property 'jmeter.reportgenerator.graph.timeVsThreads.exclude_controllers' not found, using default value 'false' instead.
2026-06-08 15:57:13,129 INFO o.a.j.r.c.ReportGeneratorConfiguration: Property 'jmeter.reportgenerator.graph.responseTimeDistribution.exclude_controllers' not found, using default value 'false' instead.
2026-06-08 15:57:13,129 INFO o.a.j.r.c.ReportGeneratorConfiguration: Property 'jmeter.reportgenerator.graph.transactionsPerSecond.exclude_controllers' not found, using default value 'false' instead.
2026-06-08 15:57:13,129 INFO o.a.j.r.c.ReportGeneratorConfiguration: Property 'jmeter.reportgenerator.graph.responseTimePercentiles.exclude_controllers' not found, using default value 'false' instead.
2026-06-08 15:57:13,129 INFO o.a.j.r.c.ReportGeneratorConfiguration: Property 'jmeter.reportgenerator.graph.responseTimePercentilesOverTime.exclude_controllers' not found, using default value 'false' instead.
2026-06-08 15:57:13,129 INFO o.a.j.r.c.ReportGeneratorConfiguration: Property 'jmeter.reportgenerator.graph.responseTimesOverTime.exclude_controllers' not found, using default value 'false' instead.
2026-06-08 15:57:13,129 INFO o.a.j.r.c.ReportGeneratorConfiguration: Property 'jmeter.reportgenerator.graph.connectTimeOverTime.exclude_controllers' not found, using default value 'false' instead.
2026-06-08 15:57:13,130 INFO o.a.j.r.c.ReportGeneratorConfiguration: Property 'jmeter.reportgenerator.graph.latenciesOverTime.exclude_controllers' not found, using default value 'false' instead.
2026-06-08 15:57:13,130 INFO o.a.j.r.c.ReportGeneratorConfiguration: Property 'jmeter.reportgenerator.exporter.json.filters_only_sample_series' not found, using default value 'true' instead.
2026-06-08 15:57:13,130 INFO o.a.j.r.c.ReportGeneratorConfiguration: Property 'jmeter.reportgenerator.exporter.json.series_filter' not found, using default value '' instead.
2026-06-08 15:57:13,130 INFO o.a.j.r.c.ReportGeneratorConfiguration: Property 'jmeter.reportgenerator.exporter.json.show_controllers_only' not found, using default value 'false' instead.
2026-06-08 15:57:13,131 INFO o.a.j.r.c.ReportGeneratorConfiguration: Property 'jmeter.reportgenerator.exporter.html.filters_only_sample_series' not found, using default value 'true' instead.
2026-06-08 15:57:13,131 INFO o.a.j.r.c.ReportGeneratorConfiguration: Property 'jmeter.reportgenerator.exporter.html.series_filter' not found, using default value '' instead.
2026-06-08 15:57:13,131 INFO o.a.j.r.c.ReportGeneratorConfiguration: Property 'jmeter.reportgenerator.exporter.html.show_controllers_only' not found, using default value 'false' instead.
2026-06-08 15:57:13,141 INFO o.a.j.e.StandardJMeterEngine: Running the test!
2026-06-08 15:57:13,142 INFO o.a.j.s.SampleEvent: List of sample_variables: []
2026-06-08 15:57:13,142 INFO o.a.j.s.SampleEvent: List of sample_variables: []
2026-06-08 15:57:13,145 INFO o.a.j.e.u.CompoundVariable: Note: Function class names must contain the string: '.functions.'
2026-06-08 15:57:13,145 INFO o.a.j.e.u.CompoundVariable: Note: Function class names must not contain the string: '.gui.'
2026-06-08 15:57:13,202 INFO o.a.j.JMeter: Running test (1780905433202)
2026-06-08 15:57:13,218 INFO o.a.j.e.StandardJMeterEngine: Starting ThreadGroup: 1 : Scenario2 - Stress Test Users
2026-06-08 15:57:13,218 INFO o.a.j.e.StandardJMeterEngine: Starting 50 threads for group Scenario2 - Stress Test Users.
2026-06-08 15:57:13,218 INFO o.a.j.e.StandardJMeterEngine: Thread will continue on error
2026-06-08 15:57:13,218 INFO o.a.j.t.ThreadGroup: Starting thread group... number=1 threads=50 ramp-up=5 delayedStart=false
2026-06-08 15:57:13,225 INFO o.a.j.s.SampleResult: Note: Sample TimeStamps are START times
2026-06-08 15:57:13,226 INFO o.a.j.s.SampleResult: sampleresult.default.encoding is set to UTF-8
2026-06-08 15:57:13,226 INFO o.a.j.s.SampleResult: sampleresult.useNanoTime=true
2026-06-08 15:57:13,226 INFO o.a.j.s.SampleResult: sampleresult.nanoThreadSleep=5000
2026-06-08 15:57:13,244 INFO o.a.j.t.ThreadGroup: Started thread group number 1
2026-06-08 15:57:13,244 INFO o.a.j.e.StandardJMeterEngine: All thread groups have been started
2026-06-08 15:57:13,307 INFO o.a.j.t.JMeterThread: Thread started: Scenario2 - Stress Test Users 1-1
2026-06-08 15:57:13,310 INFO o.a.j.s.FileServer: Stored: data/names.csv
2026-06-08 15:57:13,404 INFO o.a.j.t.JMeterThread: Thread started: Scenario2 - Stress Test Users 1-2
2026-06-08 15:57:13,483 INFO o.a.j.p.h.s.HTTPHCAbstractImpl: Local host = Ulmus
2026-06-08 15:57:13,488 INFO o.a.j.p.h.s.HTTPHC4Impl: HTTP request retry count = 0
2026-06-08 15:57:13,503 INFO o.a.j.t.JMeterThread: Thread started: Scenario2 - Stress Test Users 1-3
2026-06-08 15:57:13,603 INFO o.a.j.t.JMeterThread: Thread started: Scenario2 - Stress Test Users 1-4
2026-06-08 15:57:13,702 INFO o.a.j.t.JMeterThread: Thread started: Scenario2 - Stress Test Users 1-5
2026-06-08 15:57:13,802 INFO o.a.j.t.JMeterThread: Thread started: Scenario2 - Stress Test Users 1-6
2026-06-08 15:57:13,900 INFO o.a.j.t.JMeterThread: Thread started: Scenario2 - Stress Test Users 1-7
2026-06-08 15:57:14,001 INFO o.a.j.t.JMeterThread: Thread started: Scenario2 - Stress Test Users 1-8
2026-06-08 15:57:14,101 INFO o.a.j.t.JMeterThread: Thread started: Scenario2 - Stress Test Users 1-9
2026-06-08 15:57:14,200 INFO o.a.j.t.JMeterThread: Thread started: Scenario2 - Stress Test Users 1-10
2026-06-08 15:57:14,299 INFO o.a.j.t.JMeterThread: Thread started: Scenario2 - Stress Test Users 1-11
2026-06-08 15:57:14,399 INFO o.a.j.t.JMeterThread: Thread started: Scenario2 - Stress Test Users 1-12
2026-06-08 15:57:14,498 INFO o.a.j.t.JMeterThread: Thread started: Scenario2 - Stress Test Users 1-13
2026-06-08 15:57:14,598 INFO o.a.j.t.JMeterThread: Thread started: Scenario2 - Stress Test Users 1-14
2026-06-08 15:57:14,697 INFO o.a.j.t.JMeterThread: Thread started: Scenario2 - Stress Test Users 1-15
2026-06-08 15:57:14,797 INFO o.a.j.t.JMeterThread: Thread started: Scenario2 - Stress Test Users 1-16
2026-06-08 15:57:14,896 INFO o.a.j.t.JMeterThread: Thread started: Scenario2 - Stress Test Users 1-17
2026-06-08 15:57:14,995 INFO o.a.j.t.JMeterThread: Thread started: Scenario2 - Stress Test Users 1-18
2026-06-08 15:57:15,095 INFO o.a.j.t.JMeterThread: Thread started: Scenario2 - Stress Test Users 1-19
2026-06-08 15:57:15,194 INFO o.a.j.t.JMeterThread: Thread started: Scenario2 - Stress Test Users 1-20
2026-06-08 15:57:15,293 INFO o.a.j.t.JMeterThread: Thread started: Scenario2 - Stress Test Users 1-21
2026-06-08 15:57:15,392 INFO o.a.j.t.JMeterThread: Thread started: Scenario2 - Stress Test Users 1-22
2026-06-08 15:57:15,493 INFO o.a.j.t.JMeterThread: Thread started: Scenario2 - Stress Test Users 1-23
2026-06-08 15:57:15,593 INFO o.a.j.t.JMeterThread: Thread started: Scenario2 - Stress Test Users 1-24
2026-06-08 15:57:15,692 INFO o.a.j.t.JMeterThread: Thread started: Scenario2 - Stress Test Users 1-25
2026-06-08 15:57:15,791 INFO o.a.j.t.JMeterThread: Thread started: Scenario2 - Stress Test Users 1-26
2026-06-08 15:57:15,892 INFO o.a.j.t.JMeterThread: Thread started: Scenario2 - Stress Test Users 1-27
2026-06-08 15:57:15,992 INFO o.a.j.t.JMeterThread: Thread started: Scenario2 - Stress Test Users 1-28
2026-06-08 15:57:16,091 INFO o.a.j.t.JMeterThread: Thread started: Scenario2 - Stress Test Users 1-29
2026-06-08 15:57:16,189 INFO o.a.j.t.JMeterThread: Thread started: Scenario2 - Stress Test Users 1-30
2026-06-08 15:57:16,293 INFO o.a.j.t.JMeterThread: Thread started: Scenario2 - Stress Test Users 1-31
2026-06-08 15:57:16,335 INFO o.a.j.t.JMeterThread: Thread is done: Scenario2 - Stress Test Users 1-3
2026-06-08 15:57:16,336 INFO o.a.j.t.JMeterThread: Thread finished: Scenario2 - Stress Test Users 1-3
2026-06-08 15:57:16,342 INFO o.a.j.t.JMeterThread: Thread is done: Scenario2 - Stress Test Users 1-4
2026-06-08 15:57:16,342 INFO o.a.j.t.JMeterThread: Thread finished: Scenario2 - Stress Test Users 1-4
2026-06-08 15:57:16,389 INFO o.a.j.t.JMeterThread: Thread started: Scenario2 - Stress Test Users 1-32
2026-06-08 15:57:16,492 INFO o.a.j.t.JMeterThread: Thread started: Scenario2 - Stress Test Users 1-33
2026-06-08 15:57:16,531 INFO o.a.j.t.JMeterThread: Thread is done: Scenario2 - Stress Test Users 1-2
2026-06-08 15:57:16,531 INFO o.a.j.t.JMeterThread: Thread finished: Scenario2 - Stress Test Users 1-2
2026-06-08 15:57:16,536 INFO o.a.j.t.JMeterThread: Thread is done: Scenario2 - Stress Test Users 1-1
2026-06-08 15:57:16,536 INFO o.a.j.t.JMeterThread: Thread finished: Scenario2 - Stress Test Users 1-1
2026-06-08 15:57:16,589 INFO o.a.j.t.JMeterThread: Thread started: Scenario2 - Stress Test Users 1-34
2026-06-08 15:57:16,597 INFO o.a.j.t.JMeterThread: Thread is done: Scenario2 - Stress Test Users 1-7
2026-06-08 15:57:16,598 INFO o.a.j.t.JMeterThread: Thread finished: Scenario2 - Stress Test Users 1-7
2026-06-08 15:57:16,686 INFO o.a.j.t.JMeterThread: Thread started: Scenario2 - Stress Test Users 1-35
2026-06-08 15:57:16,788 INFO o.a.j.t.JMeterThread: Thread started: Scenario2 - Stress Test Users 1-36
2026-06-08 15:57:16,802 INFO o.a.j.t.JMeterThread: Thread is done: Scenario2 - Stress Test Users 1-5
2026-06-08 15:57:16,802 INFO o.a.j.t.JMeterThread: Thread finished: Scenario2 - Stress Test Users 1-5
2026-06-08 15:57:16,887 INFO o.a.j.t.JMeterThread: Thread started: Scenario2 - Stress Test Users 1-37
2026-06-08 15:57:16,988 INFO o.a.j.t.JMeterThread: Thread started: Scenario2 - Stress Test Users 1-38
2026-06-08 15:57:17,014 INFO o.a.j.t.JMeterThread: Thread is done: Scenario2 - Stress Test Users 1-6
2026-06-08 15:57:17,014 INFO o.a.j.t.JMeterThread: Thread finished: Scenario2 - Stress Test Users 1-6
2026-06-08 15:57:17,054 INFO o.a.j.t.JMeterThread: Thread is done: Scenario2 - Stress Test Users 1-9
2026-06-08 15:57:17,054 INFO o.a.j.t.JMeterThread: Thread finished: Scenario2 - Stress Test Users 1-9
2026-06-08 15:57:17,086 INFO o.a.j.t.JMeterThread: Thread started: Scenario2 - Stress Test Users 1-39
2026-06-08 15:57:17,150 INFO o.a.j.t.JMeterThread: Thread is done: Scenario2 - Stress Test Users 1-11
2026-06-08 15:57:17,150 INFO o.a.j.t.JMeterThread: Thread finished: Scenario2 - Stress Test Users 1-11
2026-06-08 15:57:17,185 INFO o.a.j.t.JMeterThread: Thread started: Scenario2 - Stress Test Users 1-40
2026-06-08 15:57:17,200 INFO o.a.j.t.JMeterThread: Thread is done: Scenario2 - Stress Test Users 1-10
2026-06-08 15:57:17,200 INFO o.a.j.t.JMeterThread: Thread finished: Scenario2 - Stress Test Users 1-10
2026-06-08 15:57:17,204 INFO o.a.j.t.JMeterThread: Thread is done: Scenario2 - Stress Test Users 1-8
2026-06-08 15:57:17,204 INFO o.a.j.t.JMeterThread: Thread finished: Scenario2 - Stress Test Users 1-8
2026-06-08 15:57:17,240 INFO o.a.j.t.JMeterThread: Thread is done: Scenario2 - Stress Test Users 1-12
2026-06-08 15:57:17,240 INFO o.a.j.t.JMeterThread: Thread finished: Scenario2 - Stress Test Users 1-12
2026-06-08 15:57:17,280 INFO o.a.j.t.JMeterThread: Thread is done: Scenario2 - Stress Test Users 1-13
2026-06-08 15:57:17,280 INFO o.a.j.t.JMeterThread: Thread finished: Scenario2 - Stress Test Users 1-13
2026-06-08 15:57:17,286 INFO o.a.j.t.JMeterThread: Thread started: Scenario2 - Stress Test Users 1-41
2026-06-08 15:57:17,385 INFO o.a.j.t.JMeterThread: Thread started: Scenario2 - Stress Test Users 1-42
2026-06-08 15:57:17,486 INFO o.a.j.t.JMeterThread: Thread started: Scenario2 - Stress Test Users 1-43
2026-06-08 15:57:17,565 INFO o.a.j.t.JMeterThread: Thread is done: Scenario2 - Stress Test Users 1-15
2026-06-08 15:57:17,565 INFO o.a.j.t.JMeterThread: Thread finished: Scenario2 - Stress Test Users 1-15
2026-06-08 15:57:17,586 INFO o.a.j.t.JMeterThread: Thread started: Scenario2 - Stress Test Users 1-44
2026-06-08 15:57:17,614 INFO o.a.j.t.JMeterThread: Thread is done: Scenario2 - Stress Test Users 1-14
2026-06-08 15:57:17,614 INFO o.a.j.t.JMeterThread: Thread finished: Scenario2 - Stress Test Users 1-14
2026-06-08 15:57:17,685 INFO o.a.j.t.JMeterThread: Thread started: Scenario2 - Stress Test Users 1-45
2026-06-08 15:57:17,748 INFO o.a.j.t.JMeterThread: Thread is done: Scenario2 - Stress Test Users 1-18
2026-06-08 15:57:17,748 INFO o.a.j.t.JMeterThread: Thread finished: Scenario2 - Stress Test Users 1-18
2026-06-08 15:57:17,783 INFO o.a.j.t.JMeterThread: Thread started: Scenario2 - Stress Test Users 1-46
2026-06-08 15:57:17,800 INFO o.a.j.t.JMeterThread: Thread is done: Scenario2 - Stress Test Users 1-16
2026-06-08 15:57:17,800 INFO o.a.j.t.JMeterThread: Thread finished: Scenario2 - Stress Test Users 1-16
2026-06-08 15:57:17,884 INFO o.a.j.t.JMeterThread: Thread started: Scenario2 - Stress Test Users 1-47
2026-06-08 15:57:17,981 INFO o.a.j.t.JMeterThread: Thread started: Scenario2 - Stress Test Users 1-48
2026-06-08 15:57:18,069 INFO o.a.j.t.JMeterThread: Thread is done: Scenario2 - Stress Test Users 1-21
2026-06-08 15:57:18,069 INFO o.a.j.t.JMeterThread: Thread finished: Scenario2 - Stress Test Users 1-21
2026-06-08 15:57:18,082 INFO o.a.j.t.JMeterThread: Thread started: Scenario2 - Stress Test Users 1-49
2026-06-08 15:57:18,153 INFO o.a.j.t.JMeterThread: Thread is done: Scenario2 - Stress Test Users 1-20
2026-06-08 15:57:18,153 INFO o.a.j.t.JMeterThread: Thread finished: Scenario2 - Stress Test Users 1-20
2026-06-08 15:57:18,180 INFO o.a.j.t.JMeterThread: Thread started: Scenario2 - Stress Test Users 1-50
2026-06-08 15:57:18,221 INFO o.a.j.t.JMeterThread: Thread is done: Scenario2 - Stress Test Users 1-17
2026-06-08 15:57:18,221 INFO o.a.j.t.JMeterThread: Thread finished: Scenario2 - Stress Test Users 1-17
2026-06-08 15:57:18,331 INFO o.a.j.t.JMeterThread: Thread is done: Scenario2 - Stress Test Users 1-22
2026-06-08 15:57:18,331 INFO o.a.j.t.JMeterThread: Thread finished: Scenario2 - Stress Test Users 1-22
2026-06-08 15:57:18,417 INFO o.a.j.t.JMeterThread: Thread is done: Scenario2 - Stress Test Users 1-19
2026-06-08 15:57:18,417 INFO o.a.j.t.JMeterThread: Thread finished: Scenario2 - Stress Test Users 1-19
2026-06-08 15:57:18,551 INFO o.a.j.t.JMeterThread: Thread is done: Scenario2 - Stress Test Users 1-24
2026-06-08 15:57:18,551 INFO o.a.j.t.JMeterThread: Thread finished: Scenario2 - Stress Test Users 1-24
2026-06-08 15:57:18,577 INFO o.a.j.t.JMeterThread: Thread is done: Scenario2 - Stress Test Users 1-23
2026-06-08 15:57:18,577 INFO o.a.j.t.JMeterThread: Thread finished: Scenario2 - Stress Test Users 1-23
2026-06-08 15:57:18,602 INFO o.a.j.t.JMeterThread: Thread is done: Scenario2 - Stress Test Users 1-27
2026-06-08 15:57:18,602 INFO o.a.j.t.JMeterThread: Thread finished: Scenario2 - Stress Test Users 1-27
2026-06-08 15:57:18,782 INFO o.a.j.t.JMeterThread: Thread is done: Scenario2 - Stress Test Users 1-25
2026-06-08 15:57:18,782 INFO o.a.j.t.JMeterThread: Thread finished: Scenario2 - Stress Test Users 1-25
2026-06-08 15:57:18,865 INFO o.a.j.t.JMeterThread: Thread is done: Scenario2 - Stress Test Users 1-28
2026-06-08 15:57:18,865 INFO o.a.j.t.JMeterThread: Thread finished: Scenario2 - Stress Test Users 1-28
2026-06-08 15:57:18,948 INFO o.a.j.t.JMeterThread: Thread is done: Scenario2 - Stress Test Users 1-26
2026-06-08 15:57:18,948 INFO o.a.j.t.JMeterThread: Thread finished: Scenario2 - Stress Test Users 1-26
2026-06-08 15:57:18,973 INFO o.a.j.t.JMeterThread: Thread is done: Scenario2 - Stress Test Users 1-29
2026-06-08 15:57:18,973 INFO o.a.j.t.JMeterThread: Thread finished: Scenario2 - Stress Test Users 1-29
2026-06-08 15:57:19,275 INFO o.a.j.t.JMeterThread: Thread is done: Scenario2 - Stress Test Users 1-31
2026-06-08 15:57:19,275 INFO o.a.j.t.JMeterThread: Thread finished: Scenario2 - Stress Test Users 1-31
2026-06-08 15:57:19,294 INFO o.a.j.t.JMeterThread: Thread is done: Scenario2 - Stress Test Users 1-30
2026-06-08 15:57:19,294 INFO o.a.j.t.JMeterThread: Thread finished: Scenario2 - Stress Test Users 1-30
2026-06-08 15:57:19,455 INFO o.a.j.t.JMeterThread: Thread is done: Scenario2 - Stress Test Users 1-34
2026-06-08 15:57:19,456 INFO o.a.j.t.JMeterThread: Thread finished: Scenario2 - Stress Test Users 1-34
2026-06-08 15:57:19,579 INFO o.a.j.t.JMeterThread: Thread is done: Scenario2 - Stress Test Users 1-32
2026-06-08 15:57:19,579 INFO o.a.j.t.JMeterThread: Thread finished: Scenario2 - Stress Test Users 1-32
2026-06-08 15:57:19,634 INFO o.a.j.t.JMeterThread: Thread is done: Scenario2 - Stress Test Users 1-35
2026-06-08 15:57:19,634 INFO o.a.j.t.JMeterThread: Thread finished: Scenario2 - Stress Test Users 1-35
2026-06-08 15:57:19,668 INFO o.a.j.t.JMeterThread: Thread is done: Scenario2 - Stress Test Users 1-33
2026-06-08 15:57:19,668 INFO o.a.j.t.JMeterThread: Thread finished: Scenario2 - Stress Test Users 1-33
2026-06-08 15:57:20,018 INFO o.a.j.t.JMeterThread: Thread is done: Scenario2 - Stress Test Users 1-39
2026-06-08 15:57:20,018 INFO o.a.j.t.JMeterThread: Thread finished: Scenario2 - Stress Test Users 1-39
2026-06-08 15:57:20,064 INFO o.a.j.t.JMeterThread: Thread is done: Scenario2 - Stress Test Users 1-38
2026-06-08 15:57:20,064 INFO o.a.j.t.JMeterThread: Thread finished: Scenario2 - Stress Test Users 1-38
2026-06-08 15:57:20,084 INFO o.a.j.t.JMeterThread: Thread is done: Scenario2 - Stress Test Users 1-37
2026-06-08 15:57:20,084 INFO o.a.j.t.JMeterThread: Thread finished: Scenario2 - Stress Test Users 1-37
2026-06-08 15:57:20,107 INFO o.a.j.t.JMeterThread: Thread is done: Scenario2 - Stress Test Users 1-36
2026-06-08 15:57:20,107 INFO o.a.j.t.JMeterThread: Thread finished: Scenario2 - Stress Test Users 1-36
2026-06-08 15:57:20,186 INFO o.a.j.t.JMeterThread: Thread is done: Scenario2 - Stress Test Users 1-41
2026-06-08 15:57:20,186 INFO o.a.j.t.JMeterThread: Thread finished: Scenario2 - Stress Test Users 1-41
2026-06-08 15:57:20,205 INFO o.a.j.t.JMeterThread: Thread is done: Scenario2 - Stress Test Users 1-40
2026-06-08 15:57:20,205 INFO o.a.j.t.JMeterThread: Thread finished: Scenario2 - Stress Test Users 1-40
2026-06-08 15:57:20,401 INFO o.a.j.t.JMeterThread: Thread is done: Scenario2 - Stress Test Users 1-42
2026-06-08 15:57:20,401 INFO o.a.j.t.JMeterThread: Thread finished: Scenario2 - Stress Test Users 1-42
2026-06-08 15:57:20,488 INFO o.a.j.t.JMeterThread: Thread is done: Scenario2 - Stress Test Users 1-43
2026-06-08 15:57:20,488 INFO o.a.j.t.JMeterThread: Thread finished: Scenario2 - Stress Test Users 1-43
2026-06-08 15:57:20,634 INFO o.a.j.t.JMeterThread: Thread is done: Scenario2 - Stress Test Users 1-44
2026-06-08 15:57:20,634 INFO o.a.j.t.JMeterThread: Thread is done: Scenario2 - Stress Test Users 1-45
2026-06-08 15:57:20,634 INFO o.a.j.t.JMeterThread: Thread finished: Scenario2 - Stress Test Users 1-44
2026-06-08 15:57:20,634 INFO o.a.j.t.JMeterThread: Thread finished: Scenario2 - Stress Test Users 1-45
2026-06-08 15:57:20,752 INFO o.a.j.t.JMeterThread: Thread is done: Scenario2 - Stress Test Users 1-47
2026-06-08 15:57:20,752 INFO o.a.j.t.JMeterThread: Thread finished: Scenario2 - Stress Test Users 1-47
2026-06-08 15:57:20,856 INFO o.a.j.t.JMeterThread: Thread is done: Scenario2 - Stress Test Users 1-50
2026-06-08 15:57:20,856 INFO o.a.j.t.JMeterThread: Thread finished: Scenario2 - Stress Test Users 1-50
2026-06-08 15:57:20,935 INFO o.a.j.t.JMeterThread: Thread is done: Scenario2 - Stress Test Users 1-46
2026-06-08 15:57:20,936 INFO o.a.j.t.JMeterThread: Thread finished: Scenario2 - Stress Test Users 1-46
2026-06-08 15:57:21,070 INFO o.a.j.t.JMeterThread: Thread is done: Scenario2 - Stress Test Users 1-49
2026-06-08 15:57:21,070 INFO o.a.j.t.JMeterThread: Thread finished: Scenario2 - Stress Test Users 1-49
2026-06-08 15:57:21,124 INFO o.a.j.t.JMeterThread: Thread is done: Scenario2 - Stress Test Users 1-48
2026-06-08 15:57:21,124 INFO o.a.j.t.JMeterThread: Thread finished: Scenario2 - Stress Test Users 1-48
2026-06-08 15:57:21,126 INFO o.a.j.e.StandardJMeterEngine: Notifying test listeners of end of test
2026-06-08 15:57:21,126 INFO o.a.j.s.FileServer: Close: data/names.csv
2026-06-08 15:57:21,131 INFO o.a.j.r.Summariser: summary =      0 in 00:00:00 = ******/s Avg:     0 Min: 9223372036854775807 Max: -9223372036854775808 Err:     0 (0.00%)
2026-06-08 15:57:21,131 INFO o.a.j.JMeter: Generating Dashboard
2026-06-08 15:57:21,131 INFO o.a.j.r.d.ReportGenerator: Flushing result collector before report Generation
2026-06-08 15:57:21,141 INFO o.a.j.r.p.NormalizerSampleConsumer: Using format, 'ms', to parse timeStamp field
2026-06-08 15:57:21,294 INFO o.a.j.r.p.AbstractSampleConsumer: class org.apache.jmeter.report.processor.AggregateConsumer#stopProducing(): beginDate produced 0 samples
2026-06-08 15:57:21,294 INFO o.a.j.r.p.AbstractSampleConsumer: class org.apache.jmeter.report.processor.AggregateConsumer#stopProducing(): endDate produced 0 samples
2026-06-08 15:57:21,300 INFO o.a.j.r.p.AbstractSampleConsumer: class org.apache.jmeter.report.processor.ApdexSummaryConsumer#stopProducing(): apdexSummary produced 0 samples
2026-06-08 15:57:21,302 INFO o.a.j.r.p.AbstractSampleConsumer: class org.apache.jmeter.report.processor.RequestsSummaryConsumer#stopProducing(): requestsSummary produced 0 samples
2026-06-08 15:57:21,307 INFO o.a.j.r.p.AbstractSampleConsumer: class org.apache.jmeter.report.processor.StatisticsSummaryConsumer#stopProducing(): statisticsSummary produced 0 samples
2026-06-08 15:57:21,311 INFO o.a.j.r.p.AbstractSampleConsumer: class org.apache.jmeter.report.processor.Top5ErrorsBySamplerConsumer#stopProducing(): top5ErrorsBySampler produced 0 samples
2026-06-08 15:57:21,311 INFO o.a.j.r.p.AbstractSampleConsumer: class org.apache.jmeter.report.processor.ErrorsSummaryConsumer#stopProducing(): errorsSummary produced 0 samples
2026-06-08 15:57:21,311 INFO o.a.j.r.p.AbstractSampleConsumer: class org.apache.jmeter.report.processor.graph.impl.HitsPerSecondGraphConsumer#stopProducing(): hitsPerSecond produced 0 samples
2026-06-08 15:57:21,359 INFO o.a.j.r.p.AbstractSampleConsumer: class org.apache.jmeter.report.processor.graph.impl.LatencyVSRequestGraphConsumer#stopProducing(): latencyVsRequest produced 0 samples
2026-06-08 15:57:21,362 INFO o.a.j.r.p.AbstractSampleConsumer: class org.apache.jmeter.report.processor.graph.impl.SyntheticResponseTimeDistributionGraphConsumer#stopProducing(): syntheticResponseTimeDistribution produced 0 samples
2026-06-08 15:57:21,363 INFO o.a.j.r.p.AbstractSampleConsumer: class org.apache.jmeter.report.processor.graph.impl.BytesThroughputGraphConsumer#stopProducing(): bytesThroughputOverTime produced 0 samples
2026-06-08 15:57:21,363 INFO o.a.j.r.p.AbstractSampleConsumer: class org.apache.jmeter.report.processor.graph.impl.CodesPerSecondGraphConsumer#stopProducing(): codesPerSecond produced 0 samples
2026-06-08 15:57:21,386 INFO o.a.j.r.p.AbstractSampleConsumer: class org.apache.jmeter.report.processor.graph.impl.ResponseTimeVSRequestGraphConsumer#stopProducing(): responseTimeVsRequest produced 0 samples
2026-06-08 15:57:21,386 INFO o.a.j.r.p.AbstractSampleConsumer: class org.apache.jmeter.report.processor.FilterConsumer#stopProducing(): startIntervalControlerFilter produced 10500 samples
2026-06-08 15:57:21,386 INFO o.a.j.r.p.AbstractSampleConsumer: class org.apache.jmeter.report.processor.graph.impl.TotalTPSGraphConsumer#stopProducing(): totalTPS produced 0 samples
2026-06-08 15:57:21,387 INFO o.a.j.r.p.AbstractSampleConsumer: class org.apache.jmeter.report.processor.graph.impl.ActiveThreadsGraphConsumer#stopProducing(): activeThreadsOverTime produced 0 samples
2026-06-08 15:57:21,387 INFO o.a.j.r.p.AbstractSampleConsumer: class org.apache.jmeter.report.processor.graph.impl.TimeVSThreadGraphConsumer#stopProducing(): timeVsThreads produced 0 samples
2026-06-08 15:57:21,387 INFO o.a.j.r.p.AbstractSampleConsumer: class org.apache.jmeter.report.processor.graph.impl.ResponseTimeDistributionGraphConsumer#stopProducing(): responseTimeDistribution produced 0 samples
2026-06-08 15:57:21,387 INFO o.a.j.r.p.AbstractSampleConsumer: class org.apache.jmeter.report.processor.graph.impl.TransactionsPerSecondGraphConsumer#stopProducing(): transactionsPerSecond produced 0 samples
2026-06-08 15:57:21,387 INFO o.a.j.r.p.AbstractSampleConsumer: class org.apache.jmeter.report.processor.graph.impl.ResponseTimePercentilesGraphConsumer#stopProducing(): responseTimePercentiles produced 0 samples
2026-06-08 15:57:21,387 INFO o.a.j.r.p.AbstractSampleConsumer: class org.apache.jmeter.report.processor.graph.impl.ResponseTimePercentilesOverTimeGraphConsumer#stopProducing(): responseTimePercentilesOverTime produced 0 samples
2026-06-08 15:57:21,388 INFO o.a.j.r.p.AbstractSampleConsumer: class org.apache.jmeter.report.processor.graph.impl.ResponseTimeOverTimeGraphConsumer#stopProducing(): responseTimesOverTime produced 0 samples
2026-06-08 15:57:21,389 INFO o.a.j.r.p.AbstractSampleConsumer: class org.apache.jmeter.report.processor.graph.impl.ConnectTimeOverTimeGraphConsumer#stopProducing(): connectTimeOverTime produced 0 samples
2026-06-08 15:57:21,389 INFO o.a.j.r.p.AbstractSampleConsumer: class org.apache.jmeter.report.processor.graph.impl.LatencyOverTimeGraphConsumer#stopProducing(): latenciesOverTime produced 0 samples
2026-06-08 15:57:21,389 INFO o.a.j.r.p.AbstractSampleConsumer: class org.apache.jmeter.report.processor.FilterConsumer#stopProducing(): nameFilter produced 45000 samples
2026-06-08 15:57:21,389 INFO o.a.j.r.p.AbstractSampleConsumer: class org.apache.jmeter.report.processor.FilterConsumer#stopProducing(): dateRangeFilter produced 9000 samples
2026-06-08 15:57:21,389 INFO o.a.j.r.p.AbstractSampleConsumer: class org.apache.jmeter.report.processor.NormalizerSampleConsumer#stopProducing(): normalizer produced 3000 samples
2026-06-08 15:57:21,389 INFO o.a.j.r.p.CsvFileSampleSource: produce(): 3000 samples produced in 232ms on channel 0
2026-06-08 15:57:21,389 INFO o.a.j.r.d.ReportGenerator: Exporting data using exporter:'json' of className:'org.apache.jmeter.report.dashboard.JsonExporter'
2026-06-08 15:57:21,456 INFO o.a.j.r.d.JsonExporter: Found data for consumer statisticsSummary in context
2026-06-08 15:57:21,456 INFO o.a.j.r.d.JsonExporter: Creating statistics for overall
2026-06-08 15:57:21,456 INFO o.a.j.r.d.JsonExporter: Creating statistics for other transactions
2026-06-08 15:57:21,456 INFO o.a.j.r.d.JsonExporter: Checking output folder
2026-06-08 15:57:21,460 INFO o.a.j.r.d.JsonExporter: Writing statistics JSON to E:\大三下提交\软件测试\实验（软件测试课程）\实验9：LoadRunner性能测试\作业8\jmeter\results\scenario2-report\statistics.json
2026-06-08 15:57:21,495 INFO o.a.j.r.d.ReportGenerator: Exporting data using exporter:'html' of className:'org.apache.jmeter.report.dashboard.HtmlTemplateExporter'
2026-06-08 15:57:21,497 INFO o.a.j.r.d.HtmlTemplateExporter: Will generate dashboard in folder: E:\大三下提交\软件测试\实验（软件测试课程）\实验9：LoadRunner性能测试\作业8\jmeter\results\scenario2-report
2026-06-08 15:57:21,583 INFO o.a.j.r.d.HtmlTemplateExporter: Report will be generated in: E:\大三下提交\软件测试\实验（软件测试课程）\实验9：LoadRunner性能测试\作业8\jmeter\results\scenario2-report, creating folder structure
2026-06-08 15:57:21,585 INFO o.a.j.r.d.TemplateVisitor: Copying folder from 'E:\apache-jmeter-5.6.3\apache-jmeter-5.6.3\bin\report-template' to 'E:\大三下提交\软件测试\实验（软件测试课程）\实验9：LoadRunner性能测试\作业8\jmeter\results\scenario2-report', got message: E:\大三下提交\软件测试\实验（软件测试课程）\实验9：LoadRunner性能测试\作业8\jmeter\results\scenario2-report, found non empty folder with following content [E:\大三下提交\软件测试\实验（软件测试课程）\实验9：LoadRunner性能测试\作业8\jmeter\results\scenario2-report\statistics.json], will be ignored
2026-06-08 15:57:22,376 INFO o.a.j.JMeter: Dashboard generated
