2026-06-05 15:17:47,615 INFO o.a.j.u.JMeterUtils: Setting Locale to en_EN
2026-06-05 15:17:47,639 INFO o.a.j.JMeter: Loading user properties from: E:\apache-jmeter-5.6.3\apache-jmeter-5.6.3\bin\user.properties
2026-06-05 15:17:47,639 INFO o.a.j.JMeter: Loading system properties from: E:\apache-jmeter-5.6.3\apache-jmeter-5.6.3\bin\system.properties
2026-06-05 15:17:47,647 INFO o.a.j.JMeter: Copyright (c) 1998-2024 The Apache Software Foundation
2026-06-05 15:17:47,647 INFO o.a.j.JMeter: Version 5.6.3
2026-06-05 15:17:47,647 INFO o.a.j.JMeter: java.version=21.0.8
2026-06-05 15:17:47,647 INFO o.a.j.JMeter: java.vm.name=Java HotSpot(TM) 64-Bit Server VM
2026-06-05 15:17:47,647 INFO o.a.j.JMeter: os.name=Windows 11
2026-06-05 15:17:47,647 INFO o.a.j.JMeter: os.arch=amd64
2026-06-05 15:17:47,647 INFO o.a.j.JMeter: os.version=10.0
2026-06-05 15:17:47,647 INFO o.a.j.JMeter: file.encoding=UTF-8
2026-06-05 15:17:47,647 INFO o.a.j.JMeter: java.awt.headless=true
2026-06-05 15:17:47,647 INFO o.a.j.JMeter: Max memory     =1073741824
2026-06-05 15:17:47,647 INFO o.a.j.JMeter: Available Processors =32
2026-06-05 15:17:47,655 INFO o.a.j.JMeter: Default Locale=English (EN)
2026-06-05 15:17:47,655 INFO o.a.j.JMeter: JMeter  Locale=English (EN)
2026-06-05 15:17:47,655 INFO o.a.j.JMeter: JMeterHome=E:\apache-jmeter-5.6.3\apache-jmeter-5.6.3
2026-06-05 15:17:47,655 INFO o.a.j.JMeter: user.dir  =E:\大三下提交\软件测试\提交\作业\作业8
2026-06-05 15:17:47,655 INFO o.a.j.JMeter: PWD       =E:\大三下提交\软件测试\提交\作业\作业8
2026-06-05 15:17:47,664 INFO o.a.j.JMeter: IP: 192.168.56.1 Name: Ulmus FullName: Ulmus
2026-06-05 15:17:47,690 INFO o.a.j.JMeter: Setting property 'jmeter.reportgenerator.outputdir' to:'E:\大三下提交\软件测试\提交\作业\作业8\jmeter\results\html-report'
2026-06-05 15:17:47,697 INFO o.a.j.s.FileServer: Default base='E:\大三下提交\软件测试\提交\作业\作业8'
2026-06-05 15:17:47,700 INFO o.a.j.s.FileServer: Set new base='E:\大三下提交\软件测试\提交\作业\作业8\jmeter'
2026-06-05 15:17:47,906 INFO o.a.j.s.SaveService: Testplan (JMX) version: 2.2. Testlog (JTL) version: 2.2
2026-06-05 15:17:47,945 INFO o.a.j.s.SaveService: Using SaveService properties version 5.0
2026-06-05 15:17:47,950 INFO o.a.j.s.SaveService: Using SaveService properties file encoding UTF-8
2026-06-05 15:17:47,955 INFO o.a.j.s.SaveService: Loading file: jmeter\rest-service-test.jmx
2026-06-05 15:17:48,040 INFO o.a.j.p.h.s.HTTPSamplerBase: Parser for text/html is org.apache.jmeter.protocol.http.parser.LagartoBasedHtmlParser
2026-06-05 15:17:48,041 INFO o.a.j.p.h.s.HTTPSamplerBase: Parser for application/xhtml+xml is org.apache.jmeter.protocol.http.parser.LagartoBasedHtmlParser
2026-06-05 15:17:48,041 INFO o.a.j.p.h.s.HTTPSamplerBase: Parser for application/xml is org.apache.jmeter.protocol.http.parser.LagartoBasedHtmlParser
2026-06-05 15:17:48,041 INFO o.a.j.p.h.s.HTTPSamplerBase: Parser for text/xml is org.apache.jmeter.protocol.http.parser.LagartoBasedHtmlParser
2026-06-05 15:17:48,041 INFO o.a.j.p.h.s.HTTPSamplerBase: Parser for text/vnd.wap.wml is org.apache.jmeter.protocol.http.parser.RegexpHTMLParser
2026-06-05 15:17:48,041 INFO o.a.j.p.h.s.HTTPSamplerBase: Parser for text/css is org.apache.jmeter.protocol.http.parser.CssParser
2026-06-05 15:17:48,057 INFO o.a.j.JMeter: Creating summariser <summary>
2026-06-05 15:17:48,071 INFO o.a.j.r.d.ReportGenerator: ReportGenerator will use for Parsing the separator: ','
2026-06-05 15:17:48,071 INFO o.a.j.r.d.ReportGenerator: Will generate report at end of test from  results file: jmeter\results\test-results.jtl
2026-06-05 15:17:48,071 INFO o.a.j.r.d.ReportGenerator: Reading report generator properties from: E:\apache-jmeter-5.6.3\apache-jmeter-5.6.3\bin\reportgenerator.properties
2026-06-05 15:17:48,072 INFO o.a.j.r.d.ReportGenerator: Merging with JMeter properties
2026-06-05 15:17:48,077 INFO o.a.j.r.c.ReportGeneratorConfiguration: Property 'jmeter.reportgenerator.temp_dir' not found, using default value 'temp' instead.
2026-06-05 15:17:48,080 INFO o.a.j.r.c.ReportGeneratorConfiguration: Property 'jmeter.reportgenerator.apdex_per_transaction' not found, using default value 'null' instead.
2026-06-05 15:17:48,080 INFO o.a.j.r.c.ReportGeneratorConfiguration: apdex_per_transaction is empty, not APDEX per transaction customization
2026-06-05 15:17:48,080 INFO o.a.j.r.c.ReportGeneratorConfiguration: Property 'jmeter.reportgenerator.sample_filter' not found, using default value 'null' instead.
2026-06-05 15:17:48,080 INFO o.a.j.r.c.ReportGeneratorConfiguration: Property 'jmeter.reportgenerator.report_title' not found, using default value 'null' instead.
2026-06-05 15:17:48,080 INFO o.a.j.r.c.ReportGeneratorConfiguration: Property 'jmeter.reportgenerator.start_date' not found, using default value 'null' instead.
2026-06-05 15:17:48,080 INFO o.a.j.r.c.ReportGeneratorConfiguration: Property 'jmeter.reportgenerator.end_date' not found, using default value 'null' instead.
2026-06-05 15:17:48,080 INFO o.a.j.r.c.ReportGeneratorConfiguration: Property 'jmeter.reportgenerator.date_format' not found, using default value 'null' instead.
2026-06-05 15:17:48,080 INFO o.a.j.r.c.ReportGeneratorConfiguration: Will use date range start date: null, end date: null
2026-06-05 15:17:48,085 INFO o.a.j.r.c.ReportGeneratorConfiguration: Property 'jmeter.reportgenerator.graph.totalTPS.exclude_controllers' not found, using default value 'false' instead.
2026-06-05 15:17:48,086 INFO o.a.j.r.c.ReportGeneratorConfiguration: Property 'jmeter.reportgenerator.graph.activeThreadsOverTime.exclude_controllers' not found, using default value 'false' instead.
2026-06-05 15:17:48,086 INFO o.a.j.r.c.ReportGeneratorConfiguration: Property 'jmeter.reportgenerator.graph.timeVsThreads.exclude_controllers' not found, using default value 'false' instead.
2026-06-05 15:17:48,086 INFO o.a.j.r.c.ReportGeneratorConfiguration: Property 'jmeter.reportgenerator.graph.responseTimeDistribution.exclude_controllers' not found, using default value 'false' instead.
2026-06-05 15:17:48,086 INFO o.a.j.r.c.ReportGeneratorConfiguration: Property 'jmeter.reportgenerator.graph.transactionsPerSecond.exclude_controllers' not found, using default value 'false' instead.
2026-06-05 15:17:48,086 INFO o.a.j.r.c.ReportGeneratorConfiguration: Property 'jmeter.reportgenerator.graph.responseTimePercentiles.exclude_controllers' not found, using default value 'false' instead.
2026-06-05 15:17:48,086 INFO o.a.j.r.c.ReportGeneratorConfiguration: Property 'jmeter.reportgenerator.graph.responseTimePercentilesOverTime.exclude_controllers' not found, using default value 'false' instead.
2026-06-05 15:17:48,086 INFO o.a.j.r.c.ReportGeneratorConfiguration: Property 'jmeter.reportgenerator.graph.responseTimesOverTime.exclude_controllers' not found, using default value 'false' instead.
2026-06-05 15:17:48,087 INFO o.a.j.r.c.ReportGeneratorConfiguration: Property 'jmeter.reportgenerator.graph.connectTimeOverTime.exclude_controllers' not found, using default value 'false' instead.
2026-06-05 15:17:48,087 INFO o.a.j.r.c.ReportGeneratorConfiguration: Property 'jmeter.reportgenerator.graph.latenciesOverTime.exclude_controllers' not found, using default value 'false' instead.
2026-06-05 15:17:48,088 INFO o.a.j.r.c.ReportGeneratorConfiguration: Property 'jmeter.reportgenerator.exporter.json.filters_only_sample_series' not found, using default value 'true' instead.
2026-06-05 15:17:48,088 INFO o.a.j.r.c.ReportGeneratorConfiguration: Property 'jmeter.reportgenerator.exporter.json.series_filter' not found, using default value '' instead.
2026-06-05 15:17:48,088 INFO o.a.j.r.c.ReportGeneratorConfiguration: Property 'jmeter.reportgenerator.exporter.json.show_controllers_only' not found, using default value 'false' instead.
2026-06-05 15:17:48,089 INFO o.a.j.r.c.ReportGeneratorConfiguration: Property 'jmeter.reportgenerator.exporter.html.filters_only_sample_series' not found, using default value 'true' instead.
2026-06-05 15:17:48,089 INFO o.a.j.r.c.ReportGeneratorConfiguration: Property 'jmeter.reportgenerator.exporter.html.series_filter' not found, using default value '' instead.
2026-06-05 15:17:48,089 INFO o.a.j.r.c.ReportGeneratorConfiguration: Property 'jmeter.reportgenerator.exporter.html.show_controllers_only' not found, using default value 'false' instead.
2026-06-05 15:17:48,099 INFO o.a.j.e.StandardJMeterEngine: Running the test!
2026-06-05 15:17:48,101 INFO o.a.j.s.SampleEvent: List of sample_variables: []
2026-06-05 15:17:48,101 INFO o.a.j.s.SampleEvent: List of sample_variables: []
2026-06-05 15:17:48,107 INFO o.a.j.e.u.CompoundVariable: Note: Function class names must contain the string: '.functions.'
2026-06-05 15:17:48,107 INFO o.a.j.e.u.CompoundVariable: Note: Function class names must not contain the string: '.gui.'
2026-06-05 15:17:48,211 INFO o.a.j.JMeter: Running test (1780643868211)
2026-06-05 15:17:48,233 INFO o.a.j.e.StandardJMeterEngine: Starting ThreadGroup: 1 : Concurrent Users
2026-06-05 15:17:48,233 INFO o.a.j.e.StandardJMeterEngine: Starting 20 threads for group Concurrent Users.
2026-06-05 15:17:48,233 INFO o.a.j.e.StandardJMeterEngine: Thread will continue on error
2026-06-05 15:17:48,233 INFO o.a.j.t.ThreadGroup: Starting thread group... number=1 threads=20 ramp-up=5 delayedStart=false
2026-06-05 15:17:48,242 INFO o.a.j.t.JMeterThread: Thread started: Concurrent Users 1-1
2026-06-05 15:17:48,246 INFO o.a.j.t.ThreadGroup: Started thread group number 1
2026-06-05 15:17:48,246 INFO o.a.j.e.StandardJMeterEngine: All thread groups have been started
2026-06-05 15:17:48,275 INFO o.a.j.p.h.s.HTTPHCAbstractImpl: Local host = Ulmus
2026-06-05 15:17:48,282 INFO o.a.j.p.h.s.HTTPHC4Impl: HTTP request retry count = 0
2026-06-05 15:17:48,284 INFO o.a.j.s.SampleResult: Note: Sample TimeStamps are START times
2026-06-05 15:17:48,284 INFO o.a.j.s.SampleResult: sampleresult.default.encoding is set to UTF-8
2026-06-05 15:17:48,284 INFO o.a.j.s.SampleResult: sampleresult.useNanoTime=true
2026-06-05 15:17:48,284 INFO o.a.j.s.SampleResult: sampleresult.nanoThreadSleep=5000
2026-06-05 15:17:48,459 INFO o.a.j.t.JMeterThread: Thread is done: Concurrent Users 1-1
2026-06-05 15:17:48,459 INFO o.a.j.t.JMeterThread: Thread finished: Concurrent Users 1-1
2026-06-05 15:17:48,489 INFO o.a.j.t.JMeterThread: Thread started: Concurrent Users 1-2
2026-06-05 15:17:48,535 INFO o.a.j.t.JMeterThread: Thread is done: Concurrent Users 1-2
2026-06-05 15:17:48,535 INFO o.a.j.t.JMeterThread: Thread finished: Concurrent Users 1-2
2026-06-05 15:17:48,737 INFO o.a.j.t.JMeterThread: Thread started: Concurrent Users 1-3
2026-06-05 15:17:48,777 INFO o.a.j.t.JMeterThread: Thread is done: Concurrent Users 1-3
2026-06-05 15:17:48,777 INFO o.a.j.t.JMeterThread: Thread finished: Concurrent Users 1-3
2026-06-05 15:17:48,988 INFO o.a.j.t.JMeterThread: Thread started: Concurrent Users 1-4
2026-06-05 15:17:49,024 INFO o.a.j.t.JMeterThread: Thread is done: Concurrent Users 1-4
2026-06-05 15:17:49,026 INFO o.a.j.t.JMeterThread: Thread finished: Concurrent Users 1-4
2026-06-05 15:17:49,237 INFO o.a.j.t.JMeterThread: Thread started: Concurrent Users 1-5
2026-06-05 15:17:49,273 INFO o.a.j.t.JMeterThread: Thread is done: Concurrent Users 1-5
2026-06-05 15:17:49,274 INFO o.a.j.t.JMeterThread: Thread finished: Concurrent Users 1-5
2026-06-05 15:17:49,486 INFO o.a.j.t.JMeterThread: Thread started: Concurrent Users 1-6
2026-06-05 15:17:49,530 INFO o.a.j.t.JMeterThread: Thread is done: Concurrent Users 1-6
2026-06-05 15:17:49,530 INFO o.a.j.t.JMeterThread: Thread finished: Concurrent Users 1-6
2026-06-05 15:17:49,738 INFO o.a.j.t.JMeterThread: Thread started: Concurrent Users 1-7
2026-06-05 15:17:49,779 INFO o.a.j.t.JMeterThread: Thread is done: Concurrent Users 1-7
2026-06-05 15:17:49,779 INFO o.a.j.t.JMeterThread: Thread finished: Concurrent Users 1-7
2026-06-05 15:17:49,986 INFO o.a.j.t.JMeterThread: Thread started: Concurrent Users 1-8
2026-06-05 15:17:50,027 INFO o.a.j.t.JMeterThread: Thread is done: Concurrent Users 1-8
2026-06-05 15:17:50,027 INFO o.a.j.t.JMeterThread: Thread finished: Concurrent Users 1-8
2026-06-05 15:17:50,236 INFO o.a.j.t.JMeterThread: Thread started: Concurrent Users 1-9
2026-06-05 15:17:50,263 INFO o.a.j.t.JMeterThread: Thread is done: Concurrent Users 1-9
2026-06-05 15:17:50,263 INFO o.a.j.t.JMeterThread: Thread finished: Concurrent Users 1-9
2026-06-05 15:17:50,487 INFO o.a.j.t.JMeterThread: Thread started: Concurrent Users 1-10
2026-06-05 15:17:50,523 INFO o.a.j.t.JMeterThread: Thread is done: Concurrent Users 1-10
2026-06-05 15:17:50,524 INFO o.a.j.t.JMeterThread: Thread finished: Concurrent Users 1-10
2026-06-05 15:17:50,738 INFO o.a.j.t.JMeterThread: Thread started: Concurrent Users 1-11
2026-06-05 15:17:50,775 INFO o.a.j.t.JMeterThread: Thread is done: Concurrent Users 1-11
2026-06-05 15:17:50,779 INFO o.a.j.t.JMeterThread: Thread finished: Concurrent Users 1-11
2026-06-05 15:17:50,984 INFO o.a.j.t.JMeterThread: Thread started: Concurrent Users 1-12
2026-06-05 15:17:51,024 INFO o.a.j.t.JMeterThread: Thread is done: Concurrent Users 1-12
2026-06-05 15:17:51,024 INFO o.a.j.t.JMeterThread: Thread finished: Concurrent Users 1-12
2026-06-05 15:17:51,250 INFO o.a.j.t.JMeterThread: Thread started: Concurrent Users 1-13
2026-06-05 15:17:51,303 INFO o.a.j.t.JMeterThread: Thread is done: Concurrent Users 1-13
2026-06-05 15:17:51,303 INFO o.a.j.t.JMeterThread: Thread finished: Concurrent Users 1-13
2026-06-05 15:17:51,484 INFO o.a.j.t.JMeterThread: Thread started: Concurrent Users 1-14
2026-06-05 15:17:51,512 INFO o.a.j.t.JMeterThread: Thread is done: Concurrent Users 1-14
2026-06-05 15:17:51,512 INFO o.a.j.t.JMeterThread: Thread finished: Concurrent Users 1-14
2026-06-05 15:17:51,734 INFO o.a.j.t.JMeterThread: Thread started: Concurrent Users 1-15
2026-06-05 15:17:51,763 INFO o.a.j.t.JMeterThread: Thread is done: Concurrent Users 1-15
2026-06-05 15:17:51,764 INFO o.a.j.t.JMeterThread: Thread finished: Concurrent Users 1-15
2026-06-05 15:17:51,985 INFO o.a.j.t.JMeterThread: Thread started: Concurrent Users 1-16
2026-06-05 15:17:52,008 INFO o.a.j.t.JMeterThread: Thread is done: Concurrent Users 1-16
2026-06-05 15:17:52,008 INFO o.a.j.t.JMeterThread: Thread finished: Concurrent Users 1-16
2026-06-05 15:17:52,235 INFO o.a.j.t.JMeterThread: Thread started: Concurrent Users 1-17
2026-06-05 15:17:52,265 INFO o.a.j.t.JMeterThread: Thread is done: Concurrent Users 1-17
2026-06-05 15:17:52,265 INFO o.a.j.t.JMeterThread: Thread finished: Concurrent Users 1-17
2026-06-05 15:17:52,487 INFO o.a.j.t.JMeterThread: Thread started: Concurrent Users 1-18
2026-06-05 15:17:52,511 INFO o.a.j.t.JMeterThread: Thread is done: Concurrent Users 1-18
2026-06-05 15:17:52,511 INFO o.a.j.t.JMeterThread: Thread finished: Concurrent Users 1-18
2026-06-05 15:17:52,734 INFO o.a.j.t.JMeterThread: Thread started: Concurrent Users 1-19
2026-06-05 15:17:52,768 INFO o.a.j.t.JMeterThread: Thread is done: Concurrent Users 1-19
2026-06-05 15:17:52,768 INFO o.a.j.t.JMeterThread: Thread finished: Concurrent Users 1-19
2026-06-05 15:17:52,993 INFO o.a.j.t.JMeterThread: Thread started: Concurrent Users 1-20
2026-06-05 15:17:53,032 INFO o.a.j.t.JMeterThread: Thread is done: Concurrent Users 1-20
2026-06-05 15:17:53,032 INFO o.a.j.t.JMeterThread: Thread finished: Concurrent Users 1-20
2026-06-05 15:17:53,033 INFO o.a.j.e.StandardJMeterEngine: Notifying test listeners of end of test
2026-06-05 15:17:53,037 INFO o.a.j.r.Summariser: summary =    200 in 00:00:05 =   41.5/s Avg:     3 Min:     1 Max:    43 Err:     0 (0.00%)
2026-06-05 15:17:53,038 INFO o.a.j.JMeter: Generating Dashboard
2026-06-05 15:17:53,038 INFO o.a.j.r.d.ReportGenerator: Flushing result collector before report Generation
2026-06-05 15:17:53,056 INFO o.a.j.r.p.NormalizerSampleConsumer: Using format, 'ms', to parse timeStamp field
2026-06-05 15:17:53,194 INFO o.a.j.r.p.AbstractSampleConsumer: class org.apache.jmeter.report.processor.AggregateConsumer#stopProducing(): beginDate produced 0 samples
2026-06-05 15:17:53,194 INFO o.a.j.r.p.AbstractSampleConsumer: class org.apache.jmeter.report.processor.AggregateConsumer#stopProducing(): endDate produced 0 samples
2026-06-05 15:17:53,202 INFO o.a.j.r.p.AbstractSampleConsumer: class org.apache.jmeter.report.processor.ApdexSummaryConsumer#stopProducing(): apdexSummary produced 0 samples
2026-06-05 15:17:53,202 INFO o.a.j.r.p.AbstractSampleConsumer: class org.apache.jmeter.report.processor.RequestsSummaryConsumer#stopProducing(): requestsSummary produced 0 samples
2026-06-05 15:17:53,209 INFO o.a.j.r.p.AbstractSampleConsumer: class org.apache.jmeter.report.processor.StatisticsSummaryConsumer#stopProducing(): statisticsSummary produced 0 samples
2026-06-05 15:17:53,211 INFO o.a.j.r.p.AbstractSampleConsumer: class org.apache.jmeter.report.processor.Top5ErrorsBySamplerConsumer#stopProducing(): top5ErrorsBySampler produced 0 samples
2026-06-05 15:17:53,211 INFO o.a.j.r.p.AbstractSampleConsumer: class org.apache.jmeter.report.processor.ErrorsSummaryConsumer#stopProducing(): errorsSummary produced 0 samples
2026-06-05 15:17:53,211 INFO o.a.j.r.p.AbstractSampleConsumer: class org.apache.jmeter.report.processor.graph.impl.HitsPerSecondGraphConsumer#stopProducing(): hitsPerSecond produced 0 samples
2026-06-05 15:17:53,234 INFO o.a.j.r.p.AbstractSampleConsumer: class org.apache.jmeter.report.processor.graph.impl.LatencyVSRequestGraphConsumer#stopProducing(): latencyVsRequest produced 0 samples
2026-06-05 15:17:53,234 INFO o.a.j.r.p.AbstractSampleConsumer: class org.apache.jmeter.report.processor.graph.impl.SyntheticResponseTimeDistributionGraphConsumer#stopProducing(): syntheticResponseTimeDistribution produced 0 samples
2026-06-05 15:17:53,234 INFO o.a.j.r.p.AbstractSampleConsumer: class org.apache.jmeter.report.processor.graph.impl.BytesThroughputGraphConsumer#stopProducing(): bytesThroughputOverTime produced 0 samples
2026-06-05 15:17:53,234 INFO o.a.j.r.p.AbstractSampleConsumer: class org.apache.jmeter.report.processor.graph.impl.CodesPerSecondGraphConsumer#stopProducing(): codesPerSecond produced 0 samples
2026-06-05 15:17:53,244 INFO o.a.j.r.p.AbstractSampleConsumer: class org.apache.jmeter.report.processor.graph.impl.ResponseTimeVSRequestGraphConsumer#stopProducing(): responseTimeVsRequest produced 0 samples
2026-06-05 15:17:53,244 INFO o.a.j.r.p.AbstractSampleConsumer: class org.apache.jmeter.report.processor.FilterConsumer#stopProducing(): startIntervalControlerFilter produced 1400 samples
2026-06-05 15:17:53,244 INFO o.a.j.r.p.AbstractSampleConsumer: class org.apache.jmeter.report.processor.graph.impl.TotalTPSGraphConsumer#stopProducing(): totalTPS produced 0 samples
2026-06-05 15:17:53,244 INFO o.a.j.r.p.AbstractSampleConsumer: class org.apache.jmeter.report.processor.graph.impl.ActiveThreadsGraphConsumer#stopProducing(): activeThreadsOverTime produced 0 samples
2026-06-05 15:17:53,244 INFO o.a.j.r.p.AbstractSampleConsumer: class org.apache.jmeter.report.processor.graph.impl.TimeVSThreadGraphConsumer#stopProducing(): timeVsThreads produced 0 samples
2026-06-05 15:17:53,244 INFO o.a.j.r.p.AbstractSampleConsumer: class org.apache.jmeter.report.processor.graph.impl.ResponseTimeDistributionGraphConsumer#stopProducing(): responseTimeDistribution produced 0 samples
2026-06-05 15:17:53,244 INFO o.a.j.r.p.AbstractSampleConsumer: class org.apache.jmeter.report.processor.graph.impl.TransactionsPerSecondGraphConsumer#stopProducing(): transactionsPerSecond produced 0 samples
2026-06-05 15:17:53,244 INFO o.a.j.r.p.AbstractSampleConsumer: class org.apache.jmeter.report.processor.graph.impl.ResponseTimePercentilesGraphConsumer#stopProducing(): responseTimePercentiles produced 0 samples
2026-06-05 15:17:53,245 INFO o.a.j.r.p.AbstractSampleConsumer: class org.apache.jmeter.report.processor.graph.impl.ResponseTimePercentilesOverTimeGraphConsumer#stopProducing(): responseTimePercentilesOverTime produced 0 samples
2026-06-05 15:17:53,245 INFO o.a.j.r.p.AbstractSampleConsumer: class org.apache.jmeter.report.processor.graph.impl.ResponseTimeOverTimeGraphConsumer#stopProducing(): responseTimesOverTime produced 0 samples
2026-06-05 15:17:53,246 INFO o.a.j.r.p.AbstractSampleConsumer: class org.apache.jmeter.report.processor.graph.impl.ConnectTimeOverTimeGraphConsumer#stopProducing(): connectTimeOverTime produced 0 samples
2026-06-05 15:17:53,246 INFO o.a.j.r.p.AbstractSampleConsumer: class org.apache.jmeter.report.processor.graph.impl.LatencyOverTimeGraphConsumer#stopProducing(): latenciesOverTime produced 0 samples
2026-06-05 15:17:53,246 INFO o.a.j.r.p.AbstractSampleConsumer: class org.apache.jmeter.report.processor.FilterConsumer#stopProducing(): nameFilter produced 3000 samples
2026-06-05 15:17:53,246 INFO o.a.j.r.p.AbstractSampleConsumer: class org.apache.jmeter.report.processor.FilterConsumer#stopProducing(): dateRangeFilter produced 600 samples
2026-06-05 15:17:53,246 INFO o.a.j.r.p.AbstractSampleConsumer: class org.apache.jmeter.report.processor.NormalizerSampleConsumer#stopProducing(): normalizer produced 200 samples
2026-06-05 15:17:53,246 INFO o.a.j.r.p.CsvFileSampleSource: produce(): 200 samples produced in 151ms on channel 0
2026-06-05 15:17:53,246 INFO o.a.j.r.d.ReportGenerator: Exporting data using exporter:'json' of className:'org.apache.jmeter.report.dashboard.JsonExporter'
2026-06-05 15:17:53,338 INFO o.a.j.r.d.JsonExporter: Found data for consumer statisticsSummary in context
2026-06-05 15:17:53,338 INFO o.a.j.r.d.JsonExporter: Creating statistics for overall
2026-06-05 15:17:53,340 INFO o.a.j.r.d.JsonExporter: Creating statistics for other transactions
2026-06-05 15:17:53,340 INFO o.a.j.r.d.JsonExporter: Checking output folder
2026-06-05 15:17:53,342 INFO o.a.j.r.d.JsonExporter: Writing statistics JSON to E:\大三下提交\软件测试\提交\作业\作业8\jmeter\results\html-report\statistics.json
2026-06-05 15:17:53,416 INFO o.a.j.r.d.ReportGenerator: Exporting data using exporter:'html' of className:'org.apache.jmeter.report.dashboard.HtmlTemplateExporter'
2026-06-05 15:17:53,419 INFO o.a.j.r.d.HtmlTemplateExporter: Will generate dashboard in folder: E:\大三下提交\软件测试\提交\作业\作业8\jmeter\results\html-report
2026-06-05 15:17:53,562 INFO o.a.j.r.d.HtmlTemplateExporter: Report will be generated in: E:\大三下提交\软件测试\提交\作业\作业8\jmeter\results\html-report, creating folder structure
2026-06-05 15:17:53,565 INFO o.a.j.r.d.TemplateVisitor: Copying folder from 'E:\apache-jmeter-5.6.3\apache-jmeter-5.6.3\bin\report-template' to 'E:\大三下提交\软件测试\提交\作业\作业8\jmeter\results\html-report', got message: E:\大三下提交\软件测试\提交\作业\作业8\jmeter\results\html-report, found non empty folder with following content [E:\大三下提交\软件测试\提交\作业\作业8\jmeter\results\html-report\statistics.json], will be ignored
2026-06-05 15:17:54,559 INFO o.a.j.JMeter: Dashboard generated
